Component: ARM Compiler 5.06 update 5 (build 528) Tool: armlink [4d35e2]

==============================================================================

Section Cross References

    startup_stm32f103xb.o(STACK) refers (Special) to heapauxi.o(.text) for __use_two_region_memory
    startup_stm32f103xb.o(HEAP) refers (Special) to heapauxi.o(.text) for __use_two_region_memory
    startup_stm32f103xb.o(RESET) refers (Special) to heapauxi.o(.text) for __use_two_region_memory
    startup_stm32f103xb.o(RESET) refers to startup_stm32f103xb.o(STACK) for __initial_sp
    startup_stm32f103xb.o(RESET) refers to startup_stm32f103xb.o(.text) for Reset_Handler
    startup_stm32f103xb.o(RESET) refers to stm32f1xx_it.o(i.NMI_Handler) for NMI_Handler
    startup_stm32f103xb.o(RESET) refers to stm32f1xx_it.o(i.HardFault_Handler) for HardFault_Handler
    startup_stm32f103xb.o(RESET) refers to stm32f1xx_it.o(i.MemManage_Handler) for MemManage_Handler
    startup_stm32f103xb.o(RESET) refers to stm32f1xx_it.o(i.BusFault_Handler) for BusFault_Handler
    startup_stm32f103xb.o(RESET) refers to stm32f1xx_it.o(i.UsageFault_Handler) for UsageFault_Handler
    startup_stm32f103xb.o(RESET) refers to stm32f1xx_it.o(i.SVC_Handler) for SVC_Handler
    startup_stm32f103xb.o(RESET) refers to stm32f1xx_it.o(i.DebugMon_Handler) for DebugMon_Handler
    startup_stm32f103xb.o(RESET) refers to stm32f1xx_it.o(i.PendSV_Handler) for PendSV_Handler
    startup_stm32f103xb.o(RESET) refers to stm32f1xx_it.o(i.SysTick_Handler) for SysTick_Handler
    startup_stm32f103xb.o(.text) refers (Special) to heapauxi.o(.text) for __use_two_region_memory
    startup_stm32f103xb.o(.text) refers to system_stm32f1xx.o(i.SystemInit) for SystemInit
    startup_stm32f103xb.o(.text) refers to __main.o(!!!main) for __main
    startup_stm32f103xb.o(.text) refers to startup_stm32f103xb.o(HEAP) for Heap_Mem
    startup_stm32f103xb.o(.text) refers to startup_stm32f103xb.o(STACK) for Stack_Mem
    main.o(i.Gimbal_Apply_Angle) refers to main.o(i.clamp_i16) for clamp_i16
    main.o(i.Gimbal_Apply_Angle) refers to main.o(i.Servo_Set_LeftRight) for Servo_Set_LeftRight
    main.o(i.Gimbal_Apply_Angle) refers to main.o(i.Servo_Set_UpDown) for Servo_Set_UpDown
    main.o(i.Gimbal_Apply_Angle) refers to main.o(.data) for .data
    main.o(i.MX_TIM3_Init) refers to rt_memclr_w.o(.text) for __aeabi_memclr4
    main.o(i.MX_TIM3_Init) refers to stm32f1xx_hal_tim.o(i.HAL_TIM_Base_Init) for HAL_TIM_Base_Init
    main.o(i.MX_TIM3_Init) refers to stm32f1xx_hal_tim.o(i.HAL_TIM_ConfigClockSource) for HAL_TIM_ConfigClockSource
    main.o(i.MX_TIM3_Init) refers to stm32f1xx_hal_tim.o(i.HAL_TIM_PWM_Init) for HAL_TIM_PWM_Init
    main.o(i.MX_TIM3_Init) refers to stm32f1xx_hal_tim_ex.o(i.HAL_TIMEx_MasterConfigSynchronization) for HAL_TIMEx_MasterConfigSynchronization
    main.o(i.MX_TIM3_Init) refers to stm32f1xx_hal_tim.o(i.HAL_TIM_PWM_ConfigChannel) for HAL_TIM_PWM_ConfigChannel
    main.o(i.MX_TIM3_Init) refers to stm32f1xx_hal_msp.o(i.HAL_TIM_MspPostInit) for HAL_TIM_MspPostInit
    main.o(i.MX_TIM3_Init) refers to main.o(.bss) for .bss
    main.o(i.Protocol_Process_Line) refers to _scanf_int.o(.text) for _scanf_int
    main.o(i.Protocol_Process_Line) refers to _printf_percent.o(.ARM.Collect$$_printf_percent$$00000000) for _printf_percent
    main.o(i.Protocol_Process_Line) refers to _printf_d.o(.ARM.Collect$$_printf_percent$$00000009) for _printf_d
    main.o(i.Protocol_Process_Line) refers to _printf_dec.o(.text) for _printf_int_dec
    main.o(i.Protocol_Process_Line) refers to strlen.o(.text) for strlen
    main.o(i.Protocol_Process_Line) refers to __0sscanf.o(.text) for __0sscanf
    main.o(i.Protocol_Process_Line) refers to strcmpv7m.o(.text) for strcmp
    main.o(i.Protocol_Process_Line) refers to main.o(i.Send_ERR) for Send_ERR
    main.o(i.Protocol_Process_Line) refers to main.o(i.Gimbal_Apply_Angle) for Gimbal_Apply_Angle
    main.o(i.Protocol_Process_Line) refers to noretval__2snprintf.o(.text) for __2snprintf
    main.o(i.Protocol_Process_Line) refers to main.o(i.UART_Send_String) for UART_Send_String
    main.o(i.Protocol_Process_Line) refers to main.o(.data) for .data
    main.o(i.Protocol_Receive_Byte) refers to main.o(i.Protocol_Process_Line) for Protocol_Process_Line
    main.o(i.Protocol_Receive_Byte) refers to main.o(i.Send_ERR) for Send_ERR
    main.o(i.Protocol_Receive_Byte) refers to main.o(.bss) for .bss
    main.o(i.Protocol_Receive_Byte) refers to main.o(.data) for .data
    main.o(i.Send_ERR) refers to main.o(i.UART_Send_String) for UART_Send_String
    main.o(i.Servo_Set_LeftRight) refers to main.o(i.Servo_Angle_To_Pulse) for Servo_Angle_To_Pulse
    main.o(i.Servo_Set_LeftRight) refers to main.o(.bss) for .bss
    main.o(i.Servo_Set_UpDown) refers to main.o(i.Servo_Angle_To_Pulse) for Servo_Angle_To_Pulse
    main.o(i.Servo_Set_UpDown) refers to main.o(.bss) for .bss
    main.o(i.SystemClock_Config) refers to rt_memclr_w.o(.text) for __aeabi_memclr4
[...]
    Removing stm32f1xx_hal_gpio.o(.rrx_text), (6 bytes).
    Removing stm32f1xx_hal_gpio.o(i.HAL_GPIO_DeInit), (280 bytes).
    Removing stm32f1xx_hal_gpio.o(i.HAL_GPIO_EXTI_Callback), (2 bytes).
    Removing stm32f1xx_hal_gpio.o(i.HAL_GPIO_EXTI_IRQHandler), (24 bytes).
    Removing stm32f1xx_hal_gpio.o(i.HAL_GPIO_LockPin), (34 bytes).
    Removing stm32f1xx_hal_gpio.o(i.HAL_GPIO_ReadPin), (10 bytes).
    Removing stm32f1xx_hal_gpio.o(i.HAL_GPIO_TogglePin), (16 bytes).
    Removing stm32f1xx_hal_gpio.o(i.HAL_GPIO_WritePin), (10 bytes).
    Removing stm32f1xx_hal_dma.o(.rev16_text), (4 bytes).
    Removing stm32f1xx_hal_dma.o(.revsh_text), (4 bytes).
    Removing stm32f1xx_hal_dma.o(.rrx_text), (6 bytes).
    Removing stm32f1xx_hal_dma.o(i.DMA_SetConfig), (42 bytes).
    Removing stm32f1xx_hal_dma.o(i.HAL_DMA_Abort), (70 bytes).
    Removing stm32f1xx_hal_dma.o(i.HAL_DMA_Abort_IT), (152 bytes).
    Removing stm32f1xx_hal_dma.o(i.HAL_DMA_DeInit), (92 bytes).
    Removing stm32f1xx_hal_dma.o(i.HAL_DMA_GetError), (4 bytes).
    Removing stm32f1xx_hal_dma.o(i.HAL_DMA_GetState), (6 bytes).
    Removing stm32f1xx_hal_dma.o(i.HAL_DMA_IRQHandler), (340 bytes).
    Removing stm32f1xx_hal_dma.o(i.HAL_DMA_Init), (92 bytes).
    Removing stm32f1xx_hal_dma.o(i.HAL_DMA_PollForTransfer), (532 bytes).
    Removing stm32f1xx_hal_dma.o(i.HAL_DMA_RegisterCallback), (74 bytes).
    Removing stm32f1xx_hal_dma.o(i.HAL_DMA_Start), (80 bytes).
    Removing stm32f1xx_hal_dma.o(i.HAL_DMA_Start_IT), (112 bytes).
    Removing stm32f1xx_hal_dma.o(i.HAL_DMA_UnRegisterCallback), (82 bytes).
    Removing stm32f1xx_hal_cortex.o(.rev16_text), (4 bytes).
    Removing stm32f1xx_hal_cortex.o(.revsh_text), (4 bytes).
    Removing stm32f1xx_hal_cortex.o(.rrx_text), (6 bytes).
    Removing stm32f1xx_hal_cortex.o(i.HAL_NVIC_ClearPendingIRQ), (26 bytes).
    Removing stm32f1xx_hal_cortex.o(i.HAL_NVIC_DisableIRQ), (34 bytes).
    Removing stm32f1xx_hal_cortex.o(i.HAL_NVIC_EnableIRQ), (26 bytes).
    Removing stm32f1xx_hal_cortex.o(i.HAL_NVIC_GetActive), (36 bytes).
    Removing stm32f1xx_hal_cortex.o(i.HAL_NVIC_GetPendingIRQ), (36 bytes).
    Removing stm32f1xx_hal_cortex.o(i.HAL_NVIC_GetPriority), (82 bytes).
    Removing stm32f1xx_hal_cortex.o(i.HAL_NVIC_GetPriorityGrouping), (16 bytes).
    Removing stm32f1xx_hal_cortex.o(i.HAL_NVIC_SetPendingIRQ), (26 bytes).
    Removing stm32f1xx_hal_cortex.o(i.HAL_NVIC_SystemReset), (36 bytes).
    Removing stm32f1xx_hal_cortex.o(i.HAL_SYSTICK_CLKSourceConfig), (24 bytes).
    Removing stm32f1xx_hal_cortex.o(i.HAL_SYSTICK_Callback), (2 bytes).
    Removing stm32f1xx_hal_cortex.o(i.HAL_SYSTICK_IRQHandler), (8 bytes).
    Removing stm32f1xx_hal_pwr.o(.rev16_text), (4 bytes).
    Removing stm32f1xx_hal_pwr.o(.revsh_text), (4 bytes).
    Removing stm32f1xx_hal_pwr.o(.rrx_text), (6 bytes).
    Removing stm32f1xx_hal_pwr.o(i.HAL_PWR_ConfigPVD), (124 bytes).
    Removing stm32f1xx_hal_pwr.o(i.HAL_PWR_DeInit), (24 bytes).
    Removing stm32f1xx_hal_pwr.o(i.HAL_PWR_DisableBkUpAccess), (12 bytes).
    Removing stm32f1xx_hal_pwr.o(i.HAL_PWR_DisablePVD), (12 bytes).
    Removing stm32f1xx_hal_pwr.o(i.HAL_PWR_DisableSEVOnPend), (16 bytes).
    Removing stm32f1xx_hal_pwr.o(i.HAL_PWR_DisableSleepOnExit), (16 bytes).
    Removing stm32f1xx_hal_pwr.o(i.HAL_PWR_DisableWakeUpPin), (28 bytes).
    Removing stm32f1xx_hal_pwr.o(i.HAL_PWR_EnableBkUpAccess), (12 bytes).
    Removing stm32f1xx_hal_pwr.o(i.HAL_PWR_EnablePVD), (12 bytes).
    Removing stm32f1xx_hal_pwr.o(i.HAL_PWR_EnableSEVOnPend), (16 bytes).
    Removing stm32f1xx_hal_pwr.o(i.HAL_PWR_EnableSleepOnExit), (16 bytes).
    Removing stm32f1xx_hal_pwr.o(i.HAL_PWR_EnableWakeUpPin), (28 bytes).
    Removing stm32f1xx_hal_pwr.o(i.HAL_PWR_EnterSLEEPMode), (32 bytes).
    Removing stm32f1xx_hal_pwr.o(i.HAL_PWR_EnterSTANDBYMode), (32 bytes).
    Removing stm32f1xx_hal_pwr.o(i.HAL_PWR_EnterSTOPMode), (68 bytes).
    Removing stm32f1xx_hal_pwr.o(i.HAL_PWR_PVDCallback), (2 bytes).
    Removing stm32f1xx_hal_pwr.o(i.HAL_PWR_PVD_IRQHandler), (28 bytes).
    Removing stm32f1xx_hal_pwr.o(i.PWR_OverloadWfe), (6 bytes).
    Removing stm32f1xx_hal_flash.o(.rev16_text), (4 bytes).
    Removing stm32f1xx_hal_flash.o(.revsh_text), (4 bytes).
    Removing stm32f1xx_hal_flash.o(.rrx_text), (6 bytes).
    Removing stm32f1xx_hal_flash.o(i.FLASH_Program_HalfWord), (28 bytes).
    Removing stm32f1xx_hal_flash.o(i.FLASH_SetErrorCode), (92 bytes).
    Removing stm32f1xx_hal_flash.o(i.FLASH_WaitForLastOperation), (84 bytes).
    Removing stm32f1xx_hal_flash.o(i.HAL_FLASH_EndOfOperationCallback), (2 bytes).
    Removing stm32f1xx_hal_flash.o(i.HAL_FLASH_GetError), (12 bytes).
    Removing stm32f1xx_hal_flash.o(i.HAL_FLASH_IRQHandler), (264 bytes).
    Removing stm32f1xx_hal_flash.o(i.HAL_FLASH_Lock), (20 bytes).
    Removing stm32f1xx_hal_flash.o(i.HAL_FLASH_OB_Launch), (4 bytes).
    Removing stm32f1xx_hal_flash.o(i.HAL_FLASH_OB_Lock), (20 bytes).
    Removing stm32f1xx_hal_flash.o(i.HAL_FLASH_OB_Unlock), (36 bytes).
    Removing stm32f1xx_hal_flash.o(i.HAL_FLASH_OperationErrorCallback), (2 bytes).
    Removing stm32f1xx_hal_flash.o(i.HAL_FLASH_Program), (128 bytes).
    Removing stm32f1xx_hal_flash.o(i.HAL_FLASH_Program_IT), (80 bytes).
    Removing stm32f1xx_hal_flash.o(i.HAL_FLASH_Unlock), (40 bytes).
    Removing stm32f1xx_hal_flash.o(.bss), (32 bytes).
    Removing stm32f1xx_hal_flash_ex.o(.rev16_text), (4 bytes).
    Removing stm32f1xx_hal_flash_ex.o(.revsh_text), (4 bytes).
    Removing stm32f1xx_hal_flash_ex.o(.rrx_text), (6 bytes).
    Removing stm32f1xx_hal_flash_ex.o(i.FLASH_MassErase), (36 bytes).
    Removing stm32f1xx_hal_flash_ex.o(i.FLASH_OB_DisableWRP), (176 bytes).
    Removing stm32f1xx_hal_flash_ex.o(i.FLASH_OB_EnableWRP), (176 bytes).
    Removing stm32f1xx_hal_flash_ex.o(i.FLASH_OB_GetRDP), (24 bytes).
    Removing stm32f1xx_hal_flash_ex.o(i.FLASH_OB_RDP_LevelConfig), (100 bytes).
    Removing stm32f1xx_hal_flash_ex.o(i.FLASH_PageErase), (36 bytes).
    Removing stm32f1xx_hal_flash_ex.o(i.HAL_FLASHEx_Erase), (168 bytes).
    Removing stm32f1xx_hal_flash_ex.o(i.HAL_FLASHEx_Erase_IT), (72 bytes).
    Removing stm32f1xx_hal_flash_ex.o(i.HAL_FLASHEx_OBErase), (84 bytes).
    Removing stm32f1xx_hal_flash_ex.o(i.HAL_FLASHEx_OBGetConfig), (36 bytes).
    Removing stm32f1xx_hal_flash_ex.o(i.HAL_FLASHEx_OBGetUserData), (32 bytes).
    Removing stm32f1xx_hal_flash_ex.o(i.HAL_FLASHEx_OBProgram), (200 bytes).
    Removing stm32f1xx_hal_exti.o(.rev16_text), (4 bytes).
    Removing stm32f1xx_hal_exti.o(.revsh_text), (4 bytes).
    Removing stm32f1xx_hal_exti.o(.rrx_text), (6 bytes).
    Removing stm32f1xx_hal_exti.o(i.HAL_EXTI_ClearConfigLine), (104 bytes).
    Removing stm32f1xx_hal_exti.o(i.HAL_EXTI_ClearPending), (20 bytes).
    Removing stm32f1xx_hal_exti.o(i.HAL_EXTI_GenerateSWI), (20 bytes).
    Removing stm32f1xx_hal_exti.o(i.HAL_EXTI_GetConfigLine), (140 bytes).
    Removing stm32f1xx_hal_exti.o(i.HAL_EXTI_GetHandle), (12 bytes).
    Removing stm32f1xx_hal_exti.o(i.HAL_EXTI_GetPending), (24 bytes).
    Removing stm32f1xx_hal_exti.o(i.HAL_EXTI_IRQHandler), (36 bytes).
    Removing stm32f1xx_hal_exti.o(i.HAL_EXTI_RegisterCallback), (14 bytes).
    Removing stm32f1xx_hal_exti.o(i.HAL_EXTI_SetConfigLine), (164 bytes).
    Removing stm32f1xx_hal_uart.o(.rev16_text), (4 bytes).
    Removing stm32f1xx_hal_uart.o(.revsh_text), (4 bytes).
    Removing stm32f1xx_hal_uart.o(.rrx_text), (6 bytes).
    Removing stm32f1xx_hal_uart.o(i.HAL_HalfDuplex_EnableReceiver), (50 bytes).
    Removing stm32f1xx_hal_uart.o(i.HAL_HalfDuplex_EnableTransmitter), (50 bytes).
    Removing stm32f1xx_hal_uart.o(i.HAL_HalfDuplex_Init), (110 bytes).
    Removing stm32f1xx_hal_uart.o(i.HAL_LIN_Init), (130 bytes).
    Removing stm32f1xx_hal_uart.o(i.HAL_LIN_SendBreak), (60 bytes).
    Removing stm32f1xx_hal_uart.o(i.HAL_MultiProcessor_EnterMuteMode), (62 bytes).
    Removing stm32f1xx_hal_uart.o(i.HAL_MultiProcessor_ExitMuteMode), (62 bytes).
    Removing stm32f1xx_hal_uart.o(i.HAL_MultiProcessor_Init), (144 bytes).
    Removing stm32f1xx_hal_uart.o(i.HAL_UARTEx_GetRxEventType), (4 bytes).
    Removing stm32f1xx_hal_uart.o(i.HAL_UARTEx_ReceiveToIdle), (240 bytes).
    Removing stm32f1xx_hal_uart.o(i.HAL_UARTEx_ReceiveToIdle_DMA), (74 bytes).
    Removing stm32f1xx_hal_uart.o(i.HAL_UARTEx_ReceiveToIdle_IT), (78 bytes).
    Removing stm32f1xx_hal_uart.o(i.HAL_UARTEx_RxEventCallback), (2 bytes).
    Removing stm32f1xx_hal_uart.o(i.HAL_UART_Abort), (210 bytes).
    Removing stm32f1xx_hal_uart.o(i.HAL_UART_AbortCpltCallback), (2 bytes).
    Removing stm32f1xx_hal_uart.o(i.HAL_UART_AbortReceive), (148 bytes).
    Removing stm32f1xx_hal_uart.o(i.HAL_UART_AbortReceiveCpltCallback), (2 bytes).
    Removing stm32f1xx_hal_uart.o(i.HAL_UART_AbortReceive_IT), (152 bytes).
    Removing stm32f1xx_hal_uart.o(i.HAL_UART_AbortTransmit), (98 bytes).
    Removing stm32f1xx_hal_uart.o(i.HAL_UART_AbortTransmitCpltCallback), (2 bytes).
    Removing stm32f1xx_hal_uart.o(i.HAL_UART_AbortTransmit_IT), (104 bytes).
    Removing stm32f1xx_hal_uart.o(i.HAL_UART_Abort_IT), (244 bytes).
    Removing stm32f1xx_hal_uart.o(i.HAL_UART_DMAPause), (120 bytes).
    Removing stm32f1xx_hal_uart.o(i.HAL_UART_DMAResume), (114 bytes).
    Removing stm32f1xx_hal_uart.o(i.HAL_UART_DMAStop), (112 bytes).
    Removing stm32f1xx_hal_uart.o(i.HAL_UART_DeInit), (54 bytes).
    Removing stm32f1xx_hal_uart.o(i.HAL_UART_ErrorCallback), (2 bytes).
    Removing stm32f1xx_hal_uart.o(i.HAL_UART_GetError), (4 bytes).
    Removing stm32f1xx_hal_uart.o(i.HAL_UART_GetState), (10 bytes).
    Removing stm32f1xx_hal_uart.o(i.HAL_UART_IRQHandler), (620 bytes).
    Removing stm32f1xx_hal_uart.o(i.HAL_UART_MspDeInit), (2 bytes).
    Removing stm32f1xx_hal_uart.o(i.HAL_UART_MspInit), (2 bytes).
    Removing stm32f1xx_hal_uart.o(i.HAL_UART_Receive_DMA), (28 bytes).
    Removing stm32f1xx_hal_uart.o(i.HAL_UART_Receive_IT), (28 bytes).
    Removing stm32f1xx_hal_uart.o(i.HAL_UART_RxCpltCallback), (2 bytes).
    Removing stm32f1xx_hal_uart.o(i.HAL_UART_RxHalfCpltCallback), (2 bytes).
    Removing stm32f1xx_hal_uart.o(i.HAL_UART_Transmit_DMA), (120 bytes).
    Removing stm32f1xx_hal_uart.o(i.HAL_UART_Transmit_IT), (50 bytes).
    Removing stm32f1xx_hal_uart.o(i.HAL_UART_TxCpltCallback), (2 bytes).
    Removing stm32f1xx_hal_uart.o(i.HAL_UART_TxHalfCpltCallback), (2 bytes).
    Removing stm32f1xx_hal_uart.o(i.UART_DMAAbortOnError), (16 bytes).
    Removing stm32f1xx_hal_uart.o(i.UART_DMAError), (74 bytes).
    Removing stm32f1xx_hal_uart.o(i.UART_DMAReceiveCplt), (134 bytes).
    Removing stm32f1xx_hal_uart.o(i.UART_DMARxAbortCallback), (44 bytes).
    Removing stm32f1xx_hal_uart.o(i.UART_DMARxHalfCplt), (30 bytes).
    Removing stm32f1xx_hal_uart.o(i.UART_DMARxOnlyAbortCallback), (22 bytes).
    Removing stm32f1xx_hal_uart.o(i.UART_DMATransmitCplt), (66 bytes).
    Removing stm32f1xx_hal_uart.o(i.UART_DMATxAbortCallback), (44 bytes).
    Removing stm32f1xx_hal_uart.o(i.UART_DMATxHalfCplt), (10 bytes).
    Removing stm32f1xx_hal_uart.o(i.UART_DMATxOnlyAbortCallback), (20 bytes).
    Removing stm32f1xx_hal_uart.o(i.UART_EndTxTransfer), (28 bytes).
    Removing stm32f1xx_hal_uart.o(i.UART_Receive_IT), (194 bytes).
    Removing stm32f1xx_hal_uart.o(i.UART_Start_Receive_DMA), (144 bytes).
    Removing stm32f1xx_hal_uart.o(i.UART_Start_Receive_IT), (54 bytes).
    Removing system_stm32f1xx.o(.rev16_text), (4 bytes).
    Removing system_stm32f1xx.o(.revsh_text), (4 bytes).
    Removing system_stm32f1xx.o(.rrx_text), (6 bytes).
    Removing system_stm32f1xx.o(i.SystemCoreClockUpdate), (104 bytes).

377 unused section(s) (total 25524 bytes) removed from the image.

==============================================================================

Image Symbol Table

    Local Symbols

    Symbol Name                              Value     Ov Type        Size  Object(Section)

    ../Core/Src/main.c                       0x00000000   Number         0  main.o ABSOLUTE
    ../Core/Src/stm32f1xx_hal_msp.c          0x00000000   Number         0  stm32f1xx_hal_msp.o ABSOLUTE
    ../Core/Src/stm32f1xx_it.c               0x00000000   Number         0  stm32f1xx_it.o ABSOLUTE
    ../Core/Src/system_stm32f1xx.c           0x00000000   Number         0  system_stm32f1xx.o ABSOLUTE
    ../Drivers/STM32F1xx_HAL_Driver/Src/stm32f1xx_hal.c 0x00000000   Number         0  stm32f1xx_hal.o ABSOLUTE
    ../Drivers/STM32F1xx_HAL_Driver/Src/stm32f1xx_hal_cortex.c 0x00000000   Number         0  stm32f1xx_hal_cortex.o ABSOLUTE
    ../Drivers/STM32F1xx_HAL_Driver/Src/stm32f1xx_hal_dma.c 0x00000000   Number         0  stm32f1xx_hal_dma.o ABSOLUTE
    ../Drivers/STM32F1xx_HAL_Driver/Src/stm32f1xx_hal_exti.c 0x00000000   Number         0  stm32f1xx_hal_exti.o ABSOLUTE
    ../Drivers/STM32F1xx_HAL_Driver/Src/stm32f1xx_hal_flash.c 0x00000000   Number         0  stm32f1xx_hal_flash.o ABSOLUTE
    ../Drivers/STM32F1xx_HAL_Driver/Src/stm32f1xx_hal_flash_ex.c 0x00000000   Number         0  stm32f1xx_hal_flash_ex.o ABSOLUTE
    ../Drivers/STM32F1xx_HAL_Driver/Src/stm32f1xx_hal_gpio.c 0x00000000   Number         0  stm32f1xx_hal_gpio.o ABSOLUTE
    ../Drivers/STM32F1xx_HAL_Driver/Src/stm32f1xx_hal_gpio_ex.c 0x00000000   Number         0  stm32f1xx_hal_gpio_ex.o ABSOLUTE
    ../Drivers/STM32F1xx_HAL_Driver/Src/stm32f1xx_hal_pwr.c 0x00000000   Number         0  stm32f1xx_hal_pwr.o ABSOLUTE
    ../Drivers/STM32F1xx_HAL_Driver/Src/stm32f1xx_hal_rcc.c 0x00000000   Number         0  stm32f1xx_hal_rcc.o ABSOLUTE
    ../Drivers/STM32F1xx_HAL_Driver/Src/stm32f1xx_hal_rcc_ex.c 0x00000000   Number         0  stm32f1xx_hal_rcc_ex.o ABSOLUTE
    ../Drivers/STM32F1xx_HAL_Driver/Src/stm32f1xx_hal_tim.c 0x00000000   Number         0  stm32f1xx_hal_tim.o ABSOLUTE
    ../Drivers/STM32F1xx_HAL_Driver/Src/stm32f1xx_hal_tim_ex.c 0x00000000   Number         0  stm32f1xx_hal_tim_ex.o ABSOLUTE
    ../Drivers/STM32F1xx_HAL_Driver/Src/stm32f1xx_hal_uart.c 0x00000000   Number         0  stm32f1xx_hal_uart.o ABSOLUTE
    ../clib/angel/boardlib.s                 0x00000000   Number         0  boardinit1.o ABSOLUTE
    ../clib/angel/boardlib.s                 0x00000000   Number         0  boardinit2.o ABSOLUTE
    ../clib/angel/boardlib.s                 0x00000000   Number         0  boardinit3.o ABSOLUTE
    ../clib/angel/boardlib.s                 0x00000000   Number         0  boardshut.o ABSOLUTE
    ../clib/angel/handlers.s                 0x00000000   Number         0  __scatter_copy.o ABSOLUTE
    ../clib/angel/handlers.s                 0x00000000   Number         0  __scatter_zi.o ABSOLUTE
    ../clib/angel/kernel.s                   0x00000000   Number         0  rtexit.o ABSOLUTE
    ../clib/angel/kernel.s                   0x00000000   Number         0  __rtentry.o ABSOLUTE
    ../clib/angel/kernel.s                   0x00000000   Number         0  __rtentry2.o ABSOLUTE
    ../clib/angel/kernel.s                   0x00000000   Number         0  __rtentry4.o ABSOLUTE
    ../clib/angel/kernel.s                   0x00000000   Number         0  rtexit2.o ABSOLUTE
    ../clib/angel/rt.s                       0x00000000   Number         0  rt_ctype_table.o ABSOLUTE
    ../clib/angel/rt.s                       0x00000000   Number         0  rt_raise.o ABSOLUTE
    ../clib/angel/rt.s                       0x00000000   Number         0  rt_locale.o ABSOLUTE
    ../clib/angel/rt.s                       0x00000000   Number         0  rt_locale_intlibspace.o ABSOLUTE
    ../clib/angel/scatter.s                  0x00000000   Number         0  __scatter.o ABSOLUTE
    ../clib/angel/startup.s                  0x00000000   Number         0  __main.o ABSOLUTE
    ../clib/angel/sys.s                      0x00000000   Number         0  use_no_semi.o ABSOLUTE
    ../clib/angel/sys.s                      0x00000000   Number         0  sys_stackheap_outer.o ABSOLUTE
    ../clib/angel/sys.s                      0x00000000   Number         0  libspace.o ABSOLUTE
    ../clib/angel/sys.s                      0x00000000   Number         0  indicate_semi.o ABSOLUTE
    ../clib/angel/sysapp.c                   0x00000000   Number         0  sys_command.o ABSOLUTE
    ../clib/angel/sysapp.c                   0x00000000   Number         0  sys_wrch.o ABSOLUTE
    ../clib/angel/sysapp.c                   0x00000000   Number         0  sys_exit.o ABSOLUTE
    ../clib/armsys.c                         0x00000000   Number         0  argv_veneer.o ABSOLUTE
    ../clib/armsys.c                         0x00000000   Number         0  argv_veneer.o ABSOLUTE
    ../clib/armsys.c                         0x00000000   Number         0  no_argv.o ABSOLUTE
    ../clib/armsys.c                         0x00000000   Number         0  _get_argv_nomalloc.o ABSOLUTE
    ../clib/ctype.c                          0x00000000   Number         0  isspace.o ABSOLUTE
    ../clib/heapalloc.c                      0x00000000   Number         0  hrguard.o ABSOLUTE
    ../clib/heapaux.c                        0x00000000   Number         0  heapauxi.o ABSOLUTE
    ../clib/libinit.s                        0x00000000   Number         0  libshutdown2.o ABSOLUTE
    ../clib/libinit.s                        0x00000000   Number         0  libinit.o ABSOLUTE
    ../clib/libinit.s                        0x00000000   Number         0  libshutdown.o ABSOLUTE
    ../clib/libinit.s                        0x00000000   Number         0  libinit2.o ABSOLUTE
    ../clib/locale.s                         0x00000000   Number         0  lc_ctype_c.o ABSOLUTE
    ../clib/longlong.s                       0x00000000   Number         0  llushr.o ABSOLUTE
    ../clib/memcpset.s                       0x00000000   Number         0  strcmpv7m.o ABSOLUTE
    ../clib/memcpset.s                       0x00000000   Number         0  rt_memclr_w.o ABSOLUTE
    ../clib/printf.c                         0x00000000   Number         0  _printf_intcommon.o ABSOLUTE
    ../clib/printf.c                         0x00000000   Number         0  __printf.o ABSOLUTE
    ../clib/printf.c                         0x00000000   Number         0  _printf_char_common.o ABSOLUTE
    ../clib/printf.c                         0x00000000   Number         0  __printf_nopercent.o ABSOLUTE
    ../clib/printf.c                         0x00000000   Number         0  __printf_flags_ss_wp.o ABSOLUTE
    ../clib/printf.c                         0x00000000   Number         0  __printf_flags_ss.o ABSOLUTE
    ../clib/printf.c                         0x00000000   Number         0  __printf_wp.o ABSOLUTE
    ../clib/printf.c                         0x00000000   Number         0  _printf_dec.o ABSOLUTE
    ../clib/printf.c                         0x00000000   Number         0  __printf_flags.o ABSOLUTE
    ../clib/printf.c                         0x00000000   Number         0  __printf_flags_wp.o ABSOLUTE
    ../clib/printf.c                         0x00000000   Number         0  __printf_ss_wp.o ABSOLUTE
    ../clib/printf.c                         0x00000000   Number         0  __printf_ss.o ABSOLUTE
    ../clib/printf.c                         0x00000000   Number         0  noretval__2snprintf.o ABSOLUTE
    ../clib/printf.c                         0x00000000   Number         0  __2snprintf.o ABSOLUTE
    ../clib/printf.c                         0x00000000   Number         0  _snputc.o ABSOLUTE
    ../clib/printf.c                         0x00000000   Number         0  _sputc.o ABSOLUTE
    ../clib/printf_percent.s                 0x00000000   Number         0  _printf_d.o ABSOLUTE
    ../clib/printf_percent.s                 0x00000000   Number         0  _printf_percent.o ABSOLUTE
    ../clib/printf_percent.s                 0x00000000   Number         0  _printf_percent_end.o ABSOLUTE
    ../clib/scanf.c                          0x00000000   Number         0  _scanf_int.o ABSOLUTE
    ../clib/scanf.c                          0x00000000   Number         0  _sgetc.o ABSOLUTE
    ../clib/scanf.c                          0x00000000   Number         0  scanf_char.o ABSOLUTE
    ../clib/scanf.c                          0x00000000   Number         0  _scanf.o ABSOLUTE
    ../clib/scanf.c                          0x00000000   Number         0  __0sscanf.o ABSOLUTE
    ../clib/scanf.c                          0x00000000   Number         0  _chval.o ABSOLUTE
    ../clib/signal.c                         0x00000000   Number         0  defsig_rtred_inner.o ABSOLUTE
    ../clib/signal.c                         0x00000000   Number         0  defsig_abrt_inner.o ABSOLUTE
    ../clib/signal.c                         0x00000000   Number         0  defsig_stak_inner.o ABSOLUTE
    ../clib/signal.c                         0x00000000   Number         0  defsig_pvfn_inner.o ABSOLUTE
    ../clib/signal.c                         0x00000000   Number         0  defsig_cppl_inner.o ABSOLUTE
    ../clib/signal.c                         0x00000000   Number         0  defsig_segv_inner.o ABSOLUTE
    ../clib/signal.c                         0x00000000   Number         0  defsig_other.o ABSOLUTE
    ../clib/signal.c                         0x00000000   Number         0  defsig_rtmem_outer.o ABSOLUTE
    ../clib/signal.c                         0x00000000   Number         0  defsig_rtmem_formal.o ABSOLUTE
    ../clib/signal.c                         0x00000000   Number         0  defsig_exit.o ABSOLUTE
    ../clib/signal.c                         0x00000000   Number         0  defsig_rtmem_inner.o ABSOLUTE
    ../clib/signal.c                         0x00000000   Number         0  __raise.o ABSOLUTE
    ../clib/signal.c                         0x00000000   Number         0  defsig_general.o ABSOLUTE
    ../clib/signal.c                         0x00000000   Number         0  defsig_fpe_inner.o ABSOLUTE
    ../clib/signal.s                         0x00000000   Number         0  defsig.o ABSOLUTE
    ../clib/stdlib.c                         0x00000000   Number         0  exit.o ABSOLUTE
    ../clib/string.c                         0x00000000   Number         0  strlen.o ABSOLUTE
    ../fplib/fpinit.s                        0x00000000   Number         0  fpinit.o ABSOLUTE
    ..\Core\Src\main.c                       0x00000000   Number         0  main.o ABSOLUTE
    ..\Core\Src\stm32f1xx_hal_msp.c          0x00000000   Number         0  stm32f1xx_hal_msp.o ABSOLUTE
    ..\Core\Src\stm32f1xx_it.c               0x00000000   Number         0  stm32f1xx_it.o ABSOLUTE
    ..\Core\Src\system_stm32f1xx.c           0x00000000   Number         0  system_stm32f1xx.o ABSOLUTE
    ..\Drivers\STM32F1xx_HAL_Driver\Src\stm32f1xx_hal.c 0x00000000   Number         0  stm32f1xx_hal.o ABSOLUTE
    ..\Drivers\STM32F1xx_HAL_Driver\Src\stm32f1xx_hal_cortex.c 0x00000000   Number         0  stm32f1xx_hal_cortex.o ABSOLUTE
    ..\Drivers\STM32F1xx_HAL_Driver\Src\stm32f1xx_hal_dma.c 0x00000000   Number         0  stm32f1xx_hal_dma.o ABSOLUTE
    ..\Drivers\STM32F1xx_HAL_Driver\Src\stm32f1xx_hal_exti.c 0x00000000   Number         0  stm32f1xx_hal_exti.o ABSOLUTE
    ..\Drivers\STM32F1xx_HAL_Driver\Src\stm32f1xx_hal_flash.c 0x00000000   Number         0  stm32f1xx_hal_flash.o ABSOLUTE
    ..\Drivers\STM32F1xx_HAL_Driver\Src\stm32f1xx_hal_flash_ex.c 0x00000000   Number         0  stm32f1xx_hal_flash_ex.o ABSOLUTE
    ..\Drivers\STM32F1xx_HAL_Driver\Src\stm32f1xx_hal_gpio.c 0x00000000   Number         0  stm32f1xx_hal_gpio.o ABSOLUTE
    ..\Drivers\STM32F1xx_HAL_Driver\Src\stm32f1xx_hal_gpio_ex.c 0x00000000   Number         0  stm32f1xx_hal_gpio_ex.o ABSOLUTE
    ..\Drivers\STM32F1xx_HAL_Driver\Src\stm32f1xx_hal_pwr.c 0x00000000   Number         0  stm32f1xx_hal_pwr.o ABSOLUTE
    ..\Drivers\STM32F1xx_HAL_Driver\Src\stm32f1xx_hal_rcc.c 0x00000000   Number         0  stm32f1xx_hal_rcc.o ABSOLUTE
    ..\Drivers\STM32F1xx_HAL_Driver\Src\stm32f1xx_hal_rcc_ex.c 0x00000000   Number         0  stm32f1xx_hal_rcc_ex.o ABSOLUTE
    ..\Drivers\STM32F1xx_HAL_Driver\Src\stm32f1xx_hal_tim.c 0x00000000   Number         0  stm32f1xx_hal_tim.o ABSOLUTE
    ..\Drivers\STM32F1xx_HAL_Driver\Src\stm32f1xx_hal_tim_ex.c 0x00000000   Number         0  stm32f1xx_hal_tim_ex.o ABSOLUTE
    ..\Drivers\STM32F1xx_HAL_Driver\Src\stm32f1xx_hal_uart.c 0x00000000   Number         0  stm32f1xx_hal_uart.o ABSOLUTE
    dc.s                                     0x00000000   Number         0  dc.o ABSOLUTE
    startup_stm32f103xb.s                    0x00000000   Number         0  startup_stm32f103xb.o ABSOLUTE
    RESET                                    0x08000000   Section      236  startup_stm32f103xb.o(RESET)
    !!!main                                  0x080000ec   Section        8  __main.o(!!!main)
    !!!scatter                               0x080000f4   Section       52  __scatter.o(!!!scatter)
    !!handler_copy                           0x08000128   Section       26  __scatter_copy.o(!!handler_copy)
    !!handler_zi                             0x08000144   Section       28  __scatter_zi.o(!!handler_zi)
    .ARM.Collect$$_printf_percent$$00000000  0x08000160   Section        0  _printf_percent.o(.ARM.Collect$$_printf_percent$$00000000)
    .ARM.Collect$$_printf_percent$$00000009  0x08000160   Section        6  _printf_d.o(.ARM.Collect$$_printf_percent$$00000009)
    .ARM.Collect$$_printf_percent$$00000017  0x08000166   Section        4  _printf_percent_end.o(.ARM.Collect$$_printf_percent$$00000017)
    .ARM.Collect$$libinit$$00000000          0x0800016a   Section        2  libinit.o(.ARM.Collect$$libinit$$00000000)
    .ARM.Collect$$libinit$$00000002          0x0800016c   Section        0  libinit2.o(.ARM.Collect$$libinit$$00000002)
    .ARM.Collect$$libinit$$00000004          0x0800016c   Section        0  libinit2.o(.ARM.Collect$$libinit$$00000004)
    .ARM.Collect$$libinit$$0000000A          0x0800016c   Section        0  libinit2.o(.ARM.Collect$$libinit$$0000000A)
    .ARM.Collect$$libinit$$0000000C          0x0800016c   Section        0  libinit2.o(.ARM.Collect$$libinit$$0000000C)
    .ARM.Collect$$libinit$$0000000E          0x0800016c   Section        0  libinit2.o(.ARM.Collect$$libinit$$0000000E)
    .ARM.Collect$$libinit$$0000000F          0x0800016c   Section        6  libinit2.o(.ARM.Collect$$libinit$$0000000F)
    .ARM.Collect$$libinit$$00000011          0x08000172   Section        0  libinit2.o(.ARM.Collect$$libinit$$00000011)
    .ARM.Collect$$libinit$$00000012          0x08000172   Section       12  libinit2.o(.ARM.Collect$$libinit$$00000012)
    .ARM.Collect$$libinit$$00000013          0x0800017e   Section        0  libinit2.o(.ARM.Collect$$libinit$$00000013)
    .ARM.Collect$$libinit$$00000015          0x0800017e   Section        0  libinit2.o(.ARM.Collect$$libinit$$00000015)
    .ARM.Collect$$libinit$$00000017          0x0800017e   Section        0  libinit2.o(.ARM.Collect$$libinit$$00000017)
    .ARM.Collect$$libinit$$00000019          0x0800017e   Section        0  libinit2.o(.ARM.Collect$$libinit$$00000019)
    .ARM.Collect$$libinit$$0000001B          0x0800017e   Section        0  libinit2.o(.ARM.Collect$$libinit$$0000001B)
    .ARM.Collect$$libinit$$0000001D          0x0800017e   Section        0  libinit2.o(.ARM.Collect$$libinit$$0000001D)
    .ARM.Collect$$libinit$$0000001F          0x0800017e   Section        0  libinit2.o(.ARM.Collect$$libinit$$0000001F)
    .ARM.Collect$$libinit$$00000021          0x0800017e   Section        0  libinit2.o(.ARM.Collect$$libinit$$00000021)
    .ARM.Collect$$libinit$$00000023          0x0800017e   Section        0  libinit2.o(.ARM.Collect$$libinit$$00000023)
    .ARM.Collect$$libinit$$00000025          0x0800017e   Section        0  libinit2.o(.ARM.Collect$$libinit$$00000025)
    .ARM.Collect$$libinit$$0000002C          0x0800017e   Section        0  libinit2.o(.ARM.Collect$$libinit$$0000002C)
    .ARM.Collect$$libinit$$0000002E          0x0800017e   Section        0  libinit2.o(.ARM.Collect$$libinit$$0000002E)
    .ARM.Collect$$libinit$$00000030          0x0800017e   Section        0  libinit2.o(.ARM.Collect$$libinit$$00000030)
    .ARM.Collect$$libinit$$00000032          0x0800017e   Section        0  libinit2.o(.ARM.Collect$$libinit$$00000032)
    .ARM.Collect$$libinit$$00000033          0x0800017e   Section        2  libinit2.o(.ARM.Collect$$libinit$$00000033)
    .ARM.Collect$$libshutdown$$00000000      0x08000180   Section        2  libshutdown.o(.ARM.Collect$$libshutdown$$00000000)
    .ARM.Collect$$libshutdown$$00000002      0x08000182   Section        0  libshutdown2.o(.ARM.Collect$$libshutdown$$00000002)
    .ARM.Collect$$libshutdown$$00000004      0x08000182   Section        0  libshutdown2.o(.ARM.Collect$$libshutdown$$00000004)
    .ARM.Collect$$libshutdown$$00000007      0x08000182   Section        0  libshutdown2.o(.ARM.Collect$$libshutdown$$00000007)
    .ARM.Collect$$libshutdown$$0000000A      0x08000182   Section        0  libshutdown2.o(.ARM.Collect$$libshutdown$$0000000A)
    .ARM.Collect$$libshutdown$$0000000C      0x08000182   Section        0  libshutdown2.o(.ARM.Collect$$libshutdown$$0000000C)
    .ARM.Collect$$libshutdown$$0000000F      0x08000182   Section        0  libshutdown2.o(.ARM.Collect$$libshutdown$$0000000F)
    .ARM.Collect$$libshutdown$$00000010      0x08000182   Section        2  libshutdown2.o(.ARM.Collect$$libshutdown$$00000010)
    .ARM.Collect$$rtentry$$00000000          0x08000184   Section        0  __rtentry.o(.ARM.Collect$$rtentry$$00000000)
    .ARM.Collect$$rtentry$$00000002          0x08000184   Section        0  __rtentry2.o(.ARM.Collect$$rtentry$$00000002)
    .ARM.Collect$$rtentry$$00000004          0x08000184   Section        6  __rtentry4.o(.ARM.Collect$$rtentry$$00000004)
    .ARM.Collect$$rtentry$$00000009          0x0800018a   Section        0  __rtentry2.o(.ARM.Collect$$rtentry$$00000009)
    .ARM.Collect$$rtentry$$0000000A          0x0800018a   Section        4  __rtentry2.o(.ARM.Collect$$rtentry$$0000000A)
    .ARM.Collect$$rtentry$$0000000C          0x0800018e   Section        0  __rtentry2.o(.ARM.Collect$$rtentry$$0000000C)
    .ARM.Collect$$rtentry$$0000000D          0x0800018e   Section        8  __rtentry2.o(.ARM.Collect$$rtentry$$0000000D)
    .ARM.Collect$$rtexit$$00000000           0x08000196   Section        2  rtexit.o(.ARM.Collect$$rtexit$$00000000)
    .ARM.Collect$$rtexit$$00000002           0x08000198   Section        0  rtexit2.o(.ARM.Collect$$rtexit$$00000002)
    .ARM.Collect$$rtexit$$00000003           0x08000198   Section        4  rtexit2.o(.ARM.Collect$$rtexit$$00000003)
    .ARM.Collect$$rtexit$$00000004           0x0800019c   Section        6  rtexit2.o(.ARM.Collect$$rtexit$$00000004)
    .text                                    0x080001a4   Section       64  startup_stm32f103xb.o(.text)
    .text                                    0x080001e4   Section        0  noretval__2snprintf.o(.text)
    .text                                    0x08000218   Section        0  __printf.o(.text)
    .text                                    0x08000280   Section        0  _printf_dec.o(.text)
    .text                                    0x080002f8   Section        0  __0sscanf.o(.text)
    .text                                    0x08000334   Section        0  _scanf_int.o(.text)
    .text                                    0x08000480   Section        0  strlen.o(.text)
    .text                                    0x080004be   Section       78  rt_memclr_w.o(.text)
    .text                                    0x0800050c   Section      128  strcmpv7m.o(.text)
    .text                                    0x0800058c   Section        0  heapauxi.o(.text)
    .text                                    0x08000592   Section        0  _printf_intcommon.o(.text)
    .text                                    0x08000644   Section        0  _printf_char_common.o(.text)
    _printf_input_char                       0x08000645   Thumb Code    10  _printf_char_common.o(.text)
    .text                                    0x08000674   Section        0  _sputc.o(.text)
    .text                                    0x0800067e   Section        0  _snputc.o(.text)
    .text                                    0x0800068e   Section        0  _chval.o(.text)
    .text                                    0x080006ac   Section        0  scanf_char.o(.text)
    _scanf_char_input                        0x080006ad   Thumb Code    12  scanf_char.o(.text)
    .text                                    0x080006d8   Section        0  _sgetc.o(.text)
    .text                                    0x08000718   Section        0  isspace.o(.text)
    .text                                    0x0800072c   Section        0  _scanf.o(.text)
    .text                                    0x08000aa0   Section       74  sys_stackheap_outer.o(.text)
    .text                                    0x08000aec   Section       16  rt_ctype_table.o(.text)
    .text                                    0x08000afc   Section        0  exit.o(.text)
    .text                                    0x08000b10   Section        8  libspace.o(.text)
    .text                                    0x08000b18   Section        8  rt_locale_intlibspace.o(.text)
    .text                                    0x08000b20   Section        0  sys_exit.o(.text)
    .text                                    0x08000b2c   Section        2  use_no_semi.o(.text)
    .text                                    0x08000b2e   Section        0  indicate_semi.o(.text)
    i.BusFault_Handler                       0x08000b2e   Section        0  stm32f1xx_it.o(i.BusFault_Handler)
    i.DebugMon_Handler                       0x08000b30   Section        0  stm32f1xx_it.o(i.DebugMon_Handler)
    i.Gimbal_Apply_Angle                     0x08000b34   Section        0  main.o(i.Gimbal_Apply_Angle)
    Gimbal_Apply_Angle                       0x08000b35   Thumb Code    48  main.o(i.Gimbal_Apply_Angle)
    i.HAL_GPIO_Init                          0x08000b68   Section        0  stm32f1xx_hal_gpio.o(i.HAL_GPIO_Init)
    i.HAL_GetTick                            0x08000d48   Section        0  stm32f1xx_hal.o(i.HAL_GetTick)
    i.HAL_IncTick                            0x08000d54   Section        0  stm32f1xx_hal.o(i.HAL_IncTick)
    i.HAL_Init                               0x08000d64   Section        0  stm32f1xx_hal.o(i.HAL_Init)
    i.HAL_InitTick                           0x08000d88   Section        0  stm32f1xx_hal.o(i.HAL_InitTick)
    i.HAL_MspInit                            0x08000dc8   Section        0  stm32f1xx_hal_msp.o(i.HAL_MspInit)
    i.HAL_NVIC_SetPriority                   0x08000e04   Section        0  stm32f1xx_hal_cortex.o(i.HAL_NVIC_SetPriority)
    i.HAL_NVIC_SetPriorityGrouping           0x08000e44   Section        0  stm32f1xx_hal_cortex.o(i.HAL_NVIC_SetPriorityGrouping)
    i.HAL_RCC_ClockConfig                    0x08000e68   Section        0  stm32f1xx_hal_rcc.o(i.HAL_RCC_ClockConfig)
    i.HAL_RCC_GetPCLK1Freq                   0x08000f94   Section        0  stm32f1xx_hal_rcc.o(i.HAL_RCC_GetPCLK1Freq)
    i.HAL_RCC_GetPCLK2Freq                   0x08000fb4   Section        0  stm32f1xx_hal_rcc.o(i.HAL_RCC_GetPCLK2Freq)
    i.HAL_RCC_GetSysClockFreq                0x08000fd4   Section        0  stm32f1xx_hal_rcc.o(i.HAL_RCC_GetSysClockFreq)
    i.HAL_RCC_OscConfig                      0x08001020   Section        0  stm32f1xx_hal_rcc.o(i.HAL_RCC_OscConfig)
    i.HAL_SYSTICK_Config                     0x08001340   Section        0  stm32f1xx_hal_cortex.o(i.HAL_SYSTICK_Config)
    i.HAL_TIMEx_MasterConfigSynchronization  0x08001368   Section        0  stm32f1xx_hal_tim_ex.o(i.HAL_TIMEx_MasterConfigSynchronization)
    i.HAL_TIM_Base_Init                      0x080013d0   Section        0  stm32f1xx_hal_tim.o(i.HAL_TIM_Base_Init)
    i.HAL_TIM_Base_MspInit                   0x0800142c   Section        0  stm32f1xx_hal_msp.o(i.HAL_TIM_Base_MspInit)
    i.HAL_TIM_ConfigClockSource              0x08001454   Section        0  stm32f1xx_hal_tim.o(i.HAL_TIM_ConfigClockSource)
    i.HAL_TIM_MspPostInit                    0x08001530   Section        0  stm32f1xx_hal_msp.o(i.HAL_TIM_MspPostInit)
    i.HAL_TIM_PWM_ConfigChannel              0x0800157c   Section        0  stm32f1xx_hal_tim.o(i.HAL_TIM_PWM_ConfigChannel)
    i.HAL_TIM_PWM_Init                       0x08001648   Section        0  stm32f1xx_hal_tim.o(i.HAL_TIM_PWM_Init)
    i.HAL_TIM_PWM_MspInit                    0x080016a2   Section        0  stm32f1xx_hal_tim.o(i.HAL_TIM_PWM_MspInit)
    i.HAL_TIM_PWM_Start                      0x080016a4   Section        0  stm32f1xx_hal_tim.o(i.HAL_TIM_PWM_Start)
    i.HAL_UART_Init                          0x08001740   Section        0  stm32f1xx_hal_uart.o(i.HAL_UART_Init)
    i.HAL_UART_MspInit                       0x080017a4   Section        0  stm32f1xx_hal_msp.o(i.HAL_UART_MspInit)
    i.HAL_UART_Receive                       0x08001814   Section        0  stm32f1xx_hal_uart.o(i.HAL_UART_Receive)
    i.HAL_UART_Transmit                      0x080018c4   Section        0  stm32f1xx_hal_uart.o(i.HAL_UART_Transmit)
    i.HardFault_Handler                      0x08001964   Section        0  stm32f1xx_it.o(i.HardFault_Handler)
    i.MX_TIM3_Init                           0x08001968   Section        0  main.o(i.MX_TIM3_Init)
    MX_TIM3_Init                             0x08001969   Thumb Code   164  main.o(i.MX_TIM3_Init)
    i.MemManage_Handler                      0x08001a14   Section        0  stm32f1xx_it.o(i.MemManage_Handler)
    i.NMI_Handler                            0x08001a16   Section        0  stm32f1xx_it.o(i.NMI_Handler)
    i.PendSV_Handler                         0x08001a18   Section        0  stm32f1xx_it.o(i.PendSV_Handler)
    i.Protocol_Process_Line                  0x08001a1c   Section        0  main.o(i.Protocol_Process_Line)
    Protocol_Process_Line                    0x08001a1d   Thumb Code   186  main.o(i.Protocol_Process_Line)
    i.Protocol_Receive_Byte                  0x08001b24   Section        0  main.o(i.Protocol_Receive_Byte)
    Protocol_Receive_Byte                    0x08001b25   Thumb Code    74  main.o(i.Protocol_Receive_Byte)
    i.SVC_Handler                            0x08001b78   Section        0  stm32f1xx_it.o(i.SVC_Handler)
    i.Send_ERR                               0x08001b7c   Section        0  main.o(i.Send_ERR)
    Send_ERR                                 0x08001b7d   Thumb Code     6  main.o(i.Send_ERR)
    i.Servo_Angle_To_Pulse                   0x08001b8c   Section        0  main.o(i.Servo_Angle_To_Pulse)
    Servo_Angle_To_Pulse                     0x08001b8d   Thumb Code    26  main.o(i.Servo_Angle_To_Pulse)
    i.Servo_Set_LeftRight                    0x08001ba8   Section        0  main.o(i.Servo_Set_LeftRight)
    i.Servo_Set_UpDown                       0x08001bbc   Section        0  main.o(i.Servo_Set_UpDown)
    i.SysTick_Handler                        0x08001bd0   Section        0  stm32f1xx_it.o(i.SysTick_Handler)
    i.SystemClock_Config                     0x08001bd4   Section        0  main.o(i.SystemClock_Config)
    i.SystemInit                             0x08001c24   Section        0  system_stm32f1xx.o(i.SystemInit)
    i.TIM_Base_SetConfig                     0x08001c28   Section        0  stm32f1xx_hal_tim.o(i.TIM_Base_SetConfig)
    i.TIM_CCxChannelCmd                      0x08001ca0   Section        0  stm32f1xx_hal_tim.o(i.TIM_CCxChannelCmd)
    i.TIM_ETR_SetConfig                      0x08001cba   Section        0  stm32f1xx_hal_tim.o(i.TIM_ETR_SetConfig)
    i.TIM_ITRx_SetConfig                     0x08001cce   Section        0  stm32f1xx_hal_tim.o(i.TIM_ITRx_SetConfig)
    TIM_ITRx_SetConfig                       0x08001ccf   Thumb Code    16  stm32f1xx_hal_tim.o(i.TIM_ITRx_SetConfig)
    i.TIM_OC1_SetConfig                      0x08001ce0   Section        0  stm32f1xx_hal_tim.o(i.TIM_OC1_SetConfig)
    TIM_OC1_SetConfig                        0x08001ce1   Thumb Code    74  stm32f1xx_hal_tim.o(i.TIM_OC1_SetConfig)
    i.TIM_OC2_SetConfig                      0x08001d30   Section        0  stm32f1xx_hal_tim.o(i.TIM_OC2_SetConfig)
    i.TIM_OC3_SetConfig                      0x08001d88   Section        0  stm32f1xx_hal_tim.o(i.TIM_OC3_SetConfig)
    TIM_OC3_SetConfig                        0x08001d89   Thumb Code    82  stm32f1xx_hal_tim.o(i.TIM_OC3_SetConfig)
    i.TIM_OC4_SetConfig                      0x08001de0   Section        0  stm32f1xx_hal_tim.o(i.TIM_OC4_SetConfig)
    TIM_OC4_SetConfig                        0x08001de1   Thumb Code    64  stm32f1xx_hal_tim.o(i.TIM_OC4_SetConfig)
    i.TIM_TI1_ConfigInputStage               0x08001e24   Section        0  stm32f1xx_hal_tim.o(i.TIM_TI1_ConfigInputStage)
    TIM_TI1_ConfigInputStage                 0x08001e25   Thumb Code    34  stm32f1xx_hal_tim.o(i.TIM_TI1_ConfigInputStage)
    i.TIM_TI2_ConfigInputStage               0x08001e46   Section        0  stm32f1xx_hal_tim.o(i.TIM_TI2_ConfigInputStage)
    TIM_TI2_ConfigInputStage                 0x08001e47   Thumb Code    36  stm32f1xx_hal_tim.o(i.TIM_TI2_ConfigInputStage)
    i.UART_EndRxTransfer                     0x08001e6a   Section        0  stm32f1xx_hal_uart.o(i.UART_EndRxTransfer)
    UART_EndRxTransfer                       0x08001e6b   Thumb Code    78  stm32f1xx_hal_uart.o(i.UART_EndRxTransfer)
    i.UART_Send_String                       0x08001eb8   Section        0  main.o(i.UART_Send_String)
    UART_Send_String                         0x08001eb9   Thumb Code    24  main.o(i.UART_Send_String)
    i.UART_SetConfig                         0x08001ed4   Section        0  stm32f1xx_hal_uart.o(i.UART_SetConfig)
    UART_SetConfig                           0x08001ed5   Thumb Code   178  stm32f1xx_hal_uart.o(i.UART_SetConfig)
    i.UART_WaitOnFlagUntilTimeout            0x08001f8c   Section        0  stm32f1xx_hal_uart.o(i.UART_WaitOnFlagUntilTimeout)
    UART_WaitOnFlagUntilTimeout              0x08001f8d   Thumb Code   114  stm32f1xx_hal_uart.o(i.UART_WaitOnFlagUntilTimeout)
    i.UsageFault_Handler                     0x08001ffe   Section        0  stm32f1xx_it.o(i.UsageFault_Handler)
    i.__NVIC_SetPriority                     0x08002000   Section        0  stm32f1xx_hal_cortex.o(i.__NVIC_SetPriority)
    __NVIC_SetPriority                       0x08002001   Thumb Code    32  stm32f1xx_hal_cortex.o(i.__NVIC_SetPriority)
    i.clamp_i16                              0x08002020   Section        0  main.o(i.clamp_i16)
    clamp_i16                                0x08002021   Thumb Code    16  main.o(i.clamp_i16)
    i.main                                   0x08002030   Section        0  main.o(i.main)
    locale$$code                             0x080020d4   Section       44  lc_ctype_c.o(locale$$code)
    .constdata                               0x08002100   Section       18  stm32f1xx_hal_rcc.o(.constdata)
    aPredivFactorTable                       0x08002100   Data           2  stm32f1xx_hal_rcc.o(.constdata)
    aPLLMULFactorTable                       0x08002102   Data          16  stm32f1xx_hal_rcc.o(.constdata)
    .constdata                               0x08002112   Section       16  system_stm32f1xx.o(.constdata)
    .constdata                               0x08002122   Section        8  system_stm32f1xx.o(.constdata)
    locale$$data                             0x0800214c   Section      272  lc_ctype_c.o(locale$$data)
    __lcctype_c_name                         0x08002150   Data           2  lc_ctype_c.o(locale$$data)
    __lcctype_c_start                        0x08002158   Data           0  lc_ctype_c.o(locale$$data)
    __lcctype_c_end                          0x0800225c   Data           0  lc_ctype_c.o(locale$$data)
    .data                                    0x20000000   Section        6  main.o(.data)
    .data                                    0x20000008   Section       12  stm32f1xx_hal.o(.data)
    .data                                    0x20000014   Section        4  system_stm32f1xx.o(.data)
    .bss                                     0x20000018   Section      208  main.o(.bss)
    .bss                                     0x200000e8   Section       96  libspace.o(.bss)
    HEAP                                     0x20000148   Section      512  startup_stm32f103xb.o(HEAP)
    Heap_Mem                                 0x20000148   Data         512  startup_stm32f103xb.o(HEAP)
    STACK                                    0x20000348   Section     1024  startup_stm32f103xb.o(STACK)
    Stack_Mem                                0x20000348   Data        1024  startup_stm32f103xb.o(STACK)
    __initial_sp                             0x20000748   Data           0  startup_stm32f103xb.o(STACK)

    Global Symbols

    Symbol Name                              Value     Ov Type        Size  Object(Section)

    BuildAttributes$$THM_ISAv4$P$D$K$B$S$PE$A:L22UL41UL21$X:L11$S22US41US21$IEEE1$IW$USESV6$~STKCKD$USESV7$~SHL$OSPACE$ROPI$EBA8$UX$STANDARDLIB$REQ8$PRES8$EABIv2 0x00000000   Number         0  anon$$obj.o ABSOLUTE
    __ARM_use_no_argv                        0x00000000   Number         0  main.o ABSOLUTE
    __ARM_exceptions_init                     - Undefined Weak Reference
    __alloca_initialize                       - Undefined Weak Reference
    __arm_preinit_                            - Undefined Weak Reference
    __cpp_initialize__aeabi_                  - Undefined Weak Reference
    __cxa_finalize                            - Undefined Weak Reference
    __sigvec_lookup                           - Undefined Weak Reference
    _atexit_init                              - Undefined Weak Reference
    _call_atexit_fns                          - Undefined Weak Reference
    _clock_init                               - Undefined Weak Reference
    _fp_trap_init                             - Undefined Weak Reference
    _fp_trap_shutdown                         - Undefined Weak Reference
    _get_lc_collate                           - Undefined Weak Reference
    _get_lc_monetary                          - Undefined Weak Reference
    _get_lc_numeric                           - Undefined Weak Reference
    _get_lc_time                              - Undefined Weak Reference
    _getenv_init                              - Undefined Weak Reference
    _handle_redirection                       - Undefined Weak Reference
    _init_alloc                               - Undefined Weak Reference
    _init_user_alloc                          - Undefined Weak Reference
    _initio                                   - Undefined Weak Reference
    _printf_post_padding                      - Undefined Weak Reference
    _printf_pre_padding                       - Undefined Weak Reference
    _printf_truncate_signed                   - Undefined Weak Reference
    _printf_truncate_unsigned                 - Undefined Weak Reference
    _rand_init                                - Undefined Weak Reference
    _scanf_longlong                           - Undefined Weak Reference
    _scanf_mbtowc                             - Undefined Weak Reference
    _scanf_real                               - Undefined Weak Reference
    _scanf_string                             - Undefined Weak Reference
    _scanf_wctomb                             - Undefined Weak Reference
    _scanf_wstring                            - Undefined Weak Reference
    _signal_finish                            - Undefined Weak Reference
    _signal_init                              - Undefined Weak Reference
    _terminate_alloc                          - Undefined Weak Reference
    _terminate_user_alloc                     - Undefined Weak Reference
    _terminateio                              - Undefined Weak Reference
    __Vectors_Size                           0x000000ec   Number         0  startup_stm32f103xb.o ABSOLUTE
    __Vectors                                0x08000000   Data           4  startup_stm32f103xb.o(RESET)
    __Vectors_End                            0x080000ec   Data           0  startup_stm32f103xb.o(RESET)
    __main                                   0x080000ed   Thumb Code     8  __main.o(!!!main)
    __scatterload                            0x080000f5   Thumb Code     0  __scatter.o(!!!scatter)
    __scatterload_rt2                        0x080000f5   Thumb Code    44  __scatter.o(!!!scatter)
    __scatterload_rt2_thumb_only             0x080000f5   Thumb Code     0  __scatter.o(!!!scatter)
    __scatterload_null                       0x08000103   Thumb Code     0  __scatter.o(!!!scatter)
    __scatterload_copy                       0x08000129   Thumb Code    26  __scatter_copy.o(!!handler_copy)
    __scatterload_zeroinit                   0x08000145   Thumb Code    28  __scatter_zi.o(!!handler_zi)
    _printf_d                                0x08000161   Thumb Code     0  _printf_d.o(.ARM.Collect$$_printf_percent$$00000009)
    _printf_percent                          0x08000161   Thumb Code     0  _printf_percent.o(.ARM.Collect$$_printf_percent$$00000000)
    _printf_percent_end                      0x08000167   Thumb Code     0  _printf_percent_end.o(.ARM.Collect$$_printf_percent$$00000017)
    __rt_lib_init                            0x0800016b   Thumb Code     0  libinit.o(.ARM.Collect$$libinit$$00000000)
    __rt_lib_init_fp_1                       0x0800016d   Thumb Code     0  libinit2.o(.ARM.Collect$$libinit$$00000002)
    __rt_lib_init_heap_1                     0x0800016d   Thumb Code     0  libinit2.o(.ARM.Collect$$libinit$$0000000A)
    __rt_lib_init_lc_common                  0x0800016d   Thumb Code     0  libinit2.o(.ARM.Collect$$libinit$$0000000F)
    __rt_lib_init_preinit_1                  0x0800016d   Thumb Code     0  libinit2.o(.ARM.Collect$$libinit$$00000004)
    __rt_lib_init_rand_1                     0x0800016d   Thumb Code     0  libinit2.o(.ARM.Collect$$libinit$$0000000E)
    __rt_lib_init_user_alloc_1               0x0800016d   Thumb Code     0  libinit2.o(.ARM.Collect$$libinit$$0000000C)
    __rt_lib_init_lc_collate_1               0x08000173   Thumb Code     0  libinit2.o(.ARM.Collect$$libinit$$00000011)
    __rt_lib_init_lc_ctype_2                 0x08000173   Thumb Code     0  libinit2.o(.ARM.Collect$$libinit$$00000012)
    __rt_lib_init_alloca_1                   0x0800017f   Thumb Code     0  libinit2.o(.ARM.Collect$$libinit$$0000002E)
    __rt_lib_init_argv_1                     0x0800017f   Thumb Code     0  libinit2.o(.ARM.Collect$$libinit$$0000002C)
    __rt_lib_init_atexit_1                   0x0800017f   Thumb Code     0  libinit2.o(.ARM.Collect$$libinit$$0000001B)
    __rt_lib_init_clock_1                    0x0800017f   Thumb Code     0  libinit2.o(.ARM.Collect$$libinit$$00000021)
    __rt_lib_init_cpp_1                      0x0800017f   Thumb Code     0  libinit2.o(.ARM.Collect$$libinit$$00000032)
    __rt_lib_init_exceptions_1               0x0800017f   Thumb Code     0  libinit2.o(.ARM.Collect$$libinit$$00000030)
    __rt_lib_init_fp_trap_1                  0x0800017f   Thumb Code     0  libinit2.o(.ARM.Collect$$libinit$$0000001F)
    __rt_lib_init_getenv_1                   0x0800017f   Thumb Code     0  libinit2.o(.ARM.Collect$$libinit$$00000023)
    __rt_lib_init_lc_ctype_1                 0x0800017f   Thumb Code     0  libinit2.o(.ARM.Collect$$libinit$$00000013)
    __rt_lib_init_lc_monetary_1              0x0800017f   Thumb Code     0  libinit2.o(.ARM.Collect$$libinit$$00000015)
    __rt_lib_init_lc_numeric_1               0x0800017f   Thumb Code     0  libinit2.o(.ARM.Collect$$libinit$$00000017)
    __rt_lib_init_lc_time_1                  0x0800017f   Thumb Code     0  libinit2.o(.ARM.Collect$$libinit$$00000019)
    __rt_lib_init_return                     0x0800017f   Thumb Code     0  libinit2.o(.ARM.Collect$$libinit$$00000033)
    __rt_lib_init_signal_1                   0x0800017f   Thumb Code     0  libinit2.o(.ARM.Collect$$libinit$$0000001D)
    __rt_lib_init_stdio_1                    0x0800017f   Thumb Code     0  libinit2.o(.ARM.Collect$$libinit$$00000025)
    __rt_lib_shutdown                        0x08000181   Thumb Code     0  libshutdown.o(.ARM.Collect$$libshutdown$$00000000)
    __rt_lib_shutdown_cpp_1                  0x08000183   Thumb Code     0  libshutdown2.o(.ARM.Collect$$libshutdown$$00000002)
    __rt_lib_shutdown_fp_trap_1              0x08000183   Thumb Code     0  libshutdown2.o(.ARM.Collect$$libshutdown$$00000007)
    __rt_lib_shutdown_heap_1                 0x08000183   Thumb Code     0  libshutdown2.o(.ARM.Collect$$libshutdown$$0000000F)
    __rt_lib_shutdown_return                 0x08000183   Thumb Code     0  libshutdown2.o(.ARM.Collect$$libshutdown$$00000010)
    __rt_lib_shutdown_signal_1               0x08000183   Thumb Code     0  libshutdown2.o(.ARM.Collect$$libshutdown$$0000000A)
    __rt_lib_shutdown_stdio_1                0x08000183   Thumb Code     0  libshutdown2.o(.ARM.Collect$$libshutdown$$00000004)
    __rt_lib_shutdown_user_alloc_1           0x08000183   Thumb Code     0  libshutdown2.o(.ARM.Collect$$libshutdown$$0000000C)
    __rt_entry                               0x08000185   Thumb Code     0  __rtentry.o(.ARM.Collect$$rtentry$$00000000)
    __rt_entry_presh_1                       0x08000185   Thumb Code     0  __rtentry2.o(.ARM.Collect$$rtentry$$00000002)
    __rt_entry_sh                            0x08000185   Thumb Code     0  __rtentry4.o(.ARM.Collect$$rtentry$$00000004)
    __rt_entry_li                            0x0800018b   Thumb Code     0  __rtentry2.o(.ARM.Collect$$rtentry$$0000000A)
    __rt_entry_postsh_1                      0x0800018b   Thumb Code     0  __rtentry2.o(.ARM.Collect$$rtentry$$00000009)
    __rt_entry_main                          0x0800018f   Thumb Code     0  __rtentry2.o(.ARM.Collect$$rtentry$$0000000D)
    __rt_entry_postli_1                      0x0800018f   Thumb Code     0  __rtentry2.o(.ARM.Collect$$rtentry$$0000000C)
    __rt_exit                                0x08000197   Thumb Code     0  rtexit.o(.ARM.Collect$$rtexit$$00000000)
    __rt_exit_ls                             0x08000199   Thumb Code     0  rtexit2.o(.ARM.Collect$$rtexit$$00000003)
    __rt_exit_prels_1                        0x08000199   Thumb Code     0  rtexit2.o(.ARM.Collect$$rtexit$$00000002)
    __rt_exit_exit                           0x0800019d   Thumb Code     0  rtexit2.o(.ARM.Collect$$rtexit$$00000004)
    Reset_Handler                            0x080001a5   Thumb Code     8  startup_stm32f103xb.o(.text)
    ADC1_2_IRQHandler                        0x080001bf   Thumb Code     0  startup_stm32f103xb.o(.text)
    CAN1_RX1_IRQHandler                      0x080001bf   Thumb Code     0  startup_stm32f103xb.o(.text)
    CAN1_SCE_IRQHandler                      0x080001bf   Thumb Code     0  startup_stm32f103xb.o(.text)
    DMA1_Channel1_IRQHandler                 0x080001bf   Thumb Code     0  startup_stm32f103xb.o(.text)
    DMA1_Channel2_IRQHandler                 0x080001bf   Thumb Code     0  startup_stm32f103xb.o(.text)
    DMA1_Channel3_IRQHandler                 0x080001bf   Thumb Code     0  startup_stm32f103xb.o(.text)
    DMA1_Channel4_IRQHandler                 0x080001bf   Thumb Code     0  startup_stm32f103xb.o(.text)
    DMA1_Channel5_IRQHandler                 0x080001bf   Thumb Code     0  startup_stm32f103xb.o(.text)
    DMA1_Channel6_IRQHandler                 0x080001bf   Thumb Code     0  startup_stm32f103xb.o(.text)
    DMA1_Channel7_IRQHandler                 0x080001bf   Thumb Code     0  startup_stm32f103xb.o(.text)
    EXTI0_IRQHandler                         0x080001bf   Thumb Code     0  startup_stm32f103xb.o(.text)
    EXTI15_10_IRQHandler                     0x080001bf   Thumb Code     0  startup_stm32f103xb.o(.text)
    EXTI1_IRQHandler                         0x080001bf   Thumb Code     0  startup_stm32f103xb.o(.text)
    EXTI2_IRQHandler                         0x080001bf   Thumb Code     0  startup_stm32f103xb.o(.text)
    EXTI3_IRQHandler                         0x080001bf   Thumb Code     0  startup_stm32f103xb.o(.text)
    EXTI4_IRQHandler                         0x080001bf   Thumb Code     0  startup_stm32f103xb.o(.text)
    EXTI9_5_IRQHandler                       0x080001bf   Thumb Code     0  startup_stm32f103xb.o(.text)
    FLASH_IRQHandler                         0x080001bf   Thumb Code     0  startup_stm32f103xb.o(.text)
    I2C1_ER_IRQHandler                       0x080001bf   Thumb Code     0  startup_stm32f103xb.o(.text)
    I2C1_EV_IRQHandler                       0x080001bf   Thumb Code     0  startup_stm32f103xb.o(.text)
    I2C2_ER_IRQHandler                       0x080001bf   Thumb Code     0  startup_stm32f103xb.o(.text)
    I2C2_EV_IRQHandler                       0x080001bf   Thumb Code     0  startup_stm32f103xb.o(.text)
    PVD_IRQHandler                           0x080001bf   Thumb Code     0  startup_stm32f103xb.o(.text)
    RCC_IRQHandler                           0x080001bf   Thumb Code     0  startup_stm32f103xb.o(.text)
    RTC_Alarm_IRQHandler                     0x080001bf   Thumb Code     0  startup_stm32f103xb.o(.text)
    RTC_IRQHandler                           0x080001bf   Thumb Code     0  startup_stm32f103xb.o(.text)
    SPI1_IRQHandler                          0x080001bf   Thumb Code     0  startup_stm32f103xb.o(.text)
    SPI2_IRQHandler                          0x080001bf   Thumb Code     0  startup_stm32f103xb.o(.text)
    TAMPER_IRQHandler                        0x080001bf   Thumb Code     0  startup_stm32f103xb.o(.text)
    TIM1_BRK_IRQHandler                      0x080001bf   Thumb Code     0  startup_stm32f103xb.o(.text)
    TIM1_CC_IRQHandler                       0x080001bf   Thumb Code     0  startup_stm32f103xb.o(.text)
    TIM1_TRG_COM_IRQHandler                  0x080001bf   Thumb Code     0  startup_stm32f103xb.o(.text)
    TIM1_UP_IRQHandler                       0x080001bf   Thumb Code     0  startup_stm32f103xb.o(.text)
    TIM2_IRQHandler                          0x080001bf   Thumb Code     0  startup_stm32f103xb.o(.text)
    TIM3_IRQHandler                          0x080001bf   Thumb Code     0  startup_stm32f103xb.o(.text)
    TIM4_IRQHandler                          0x080001bf   Thumb Code     0  startup_stm32f103xb.o(.text)
    USART1_IRQHandler                        0x080001bf   Thumb Code     0  startup_stm32f103xb.o(.text)
    USART2_IRQHandler                        0x080001bf   Thumb Code     0  startup_stm32f103xb.o(.text)
    USART3_IRQHandler                        0x080001bf   Thumb Code     0  startup_stm32f103xb.o(.text)
    USBWakeUp_IRQHandler                     0x080001bf   Thumb Code     0  startup_stm32f103xb.o(.text)
    USB_HP_CAN1_TX_IRQHandler                0x080001bf   Thumb Code     0  startup_stm32f103xb.o(.text)
    USB_LP_CAN1_RX0_IRQHandler               0x080001bf   Thumb Code     0  startup_stm32f103xb.o(.text)
    WWDG_IRQHandler                          0x080001bf   Thumb Code     0  startup_stm32f103xb.o(.text)
    __user_initial_stackheap                 0x080001c1   Thumb Code     0  startup_stm32f103xb.o(.text)
    __2snprintf                              0x080001e5   Thumb Code    48  noretval__2snprintf.o(.text)
    __printf                                 0x08000219   Thumb Code   104  __printf.o(.text)
    _printf_int_dec                          0x08000281   Thumb Code   104  _printf_dec.o(.text)
    __0sscanf                                0x080002f9   Thumb Code    52  __0sscanf.o(.text)
    _scanf_int                               0x08000335   Thumb Code   332  _scanf_int.o(.text)
    strlen                                   0x08000481   Thumb Code    62  strlen.o(.text)
    __aeabi_memclr4                          0x080004bf   Thumb Code     0  rt_memclr_w.o(.text)
    __aeabi_memclr8                          0x080004bf   Thumb Code     0  rt_memclr_w.o(.text)
    __rt_memclr_w                            0x080004bf   Thumb Code    78  rt_memclr_w.o(.text)
    _memset_w                                0x080004c3   Thumb Code     0  rt_memclr_w.o(.text)
    strcmp                                   0x0800050d   Thumb Code   128  strcmpv7m.o(.text)
    __use_two_region_memory                  0x0800058d   Thumb Code     2  heapauxi.o(.text)
    __rt_heap_escrow$2region                 0x0800058f   Thumb Code     2  heapauxi.o(.text)
    __rt_heap_expand$2region                 0x08000591   Thumb Code     2  heapauxi.o(.text)
    _printf_int_common                       0x08000593   Thumb Code   178  _printf_intcommon.o(.text)
    _printf_char_common                      0x0800064f   Thumb Code    32  _printf_char_common.o(.text)
    _sputc                                   0x08000675   Thumb Code    10  _sputc.o(.text)
    _snputc                                  0x0800067f   Thumb Code    16  _snputc.o(.text)
    _chval                                   0x0800068f   Thumb Code    28  _chval.o(.text)
    __vfscanf_char                           0x080006b9   Thumb Code    24  scanf_char.o(.text)
    _sgetc                                   0x080006d9   Thumb Code    30  _sgetc.o(.text)
    _sbackspace                              0x080006f7   Thumb Code    34  _sgetc.o(.text)
    isspace                                  0x08000719   Thumb Code    18  isspace.o(.text)
    __vfscanf                                0x0800072d   Thumb Code   878  _scanf.o(.text)
    __user_setup_stackheap                   0x08000aa1   Thumb Code    74  sys_stackheap_outer.o(.text)
    __rt_ctype_table                         0x08000aed   Thumb Code    16  rt_ctype_table.o(.text)
    exit                                     0x08000afd   Thumb Code    18  exit.o(.text)
    __user_libspace                          0x08000b11   Thumb Code     8  libspace.o(.text)
    __user_perproc_libspace                  0x08000b11   Thumb Code     0  libspace.o(.text)
    __user_perthread_libspace                0x08000b11   Thumb Code     0  libspace.o(.text)
    __rt_locale                              0x08000b19   Thumb Code     8  rt_locale_intlibspace.o(.text)
    _sys_exit                                0x08000b21   Thumb Code     8  sys_exit.o(.text)
    __I$use$semihosting                      0x08000b2d   Thumb Code     0  use_no_semi.o(.text)
    __use_no_semihosting_swi                 0x08000b2d   Thumb Code     2  use_no_semi.o(.text)
    BusFault_Handler                         0x08000b2f   Thumb Code     2  stm32f1xx_it.o(i.BusFault_Handler)
    __semihosting_library_function           0x08000b2f   Thumb Code     0  indicate_semi.o(.text)
    DebugMon_Handler                         0x08000b31   Thumb Code     2  stm32f1xx_it.o(i.DebugMon_Handler)
    HAL_GPIO_Init                            0x08000b69   Thumb Code   446  stm32f1xx_hal_gpio.o(i.HAL_GPIO_Init)
    HAL_GetTick                              0x08000d49   Thumb Code     6  stm32f1xx_hal.o(i.HAL_GetTick)
    HAL_IncTick                              0x08000d55   Thumb Code    12  stm32f1xx_hal.o(i.HAL_IncTick)
    HAL_Init                                 0x08000d65   Thumb Code    32  stm32f1xx_hal.o(i.HAL_Init)
    HAL_InitTick                             0x08000d89   Thumb Code    54  stm32f1xx_hal.o(i.HAL_InitTick)
    HAL_MspInit                              0x08000dc9   Thumb Code    52  stm32f1xx_hal_msp.o(i.HAL_MspInit)
    HAL_NVIC_SetPriority                     0x08000e05   Thumb Code    60  stm32f1xx_hal_cortex.o(i.HAL_NVIC_SetPriority)
    HAL_NVIC_SetPriorityGrouping             0x08000e45   Thumb Code    26  stm32f1xx_hal_cortex.o(i.HAL_NVIC_SetPriorityGrouping)
    HAL_RCC_ClockConfig                      0x08000e69   Thumb Code   280  stm32f1xx_hal_rcc.o(i.HAL_RCC_ClockConfig)
    HAL_RCC_GetPCLK1Freq                     0x08000f95   Thumb Code    20  stm32f1xx_hal_rcc.o(i.HAL_RCC_GetPCLK1Freq)
    HAL_RCC_GetPCLK2Freq                     0x08000fb5   Thumb Code    20  stm32f1xx_hal_rcc.o(i.HAL_RCC_GetPCLK2Freq)
    HAL_RCC_GetSysClockFreq                  0x08000fd5   Thumb Code    58  stm32f1xx_hal_rcc.o(i.HAL_RCC_GetSysClockFreq)
    HAL_RCC_OscConfig                        0x08001021   Thumb Code   778  stm32f1xx_hal_rcc.o(i.HAL_RCC_OscConfig)
    HAL_SYSTICK_Config                       0x08001341   Thumb Code    40  stm32f1xx_hal_cortex.o(i.HAL_SYSTICK_Config)
    HAL_TIMEx_MasterConfigSynchronization    0x08001369   Thumb Code    92  stm32f1xx_hal_tim_ex.o(i.HAL_TIMEx_MasterConfigSynchronization)
    HAL_TIM_Base_Init                        0x080013d1   Thumb Code    90  stm32f1xx_hal_tim.o(i.HAL_TIM_Base_Init)
    HAL_TIM_Base_MspInit                     0x0800142d   Thumb Code    30  stm32f1xx_hal_msp.o(i.HAL_TIM_Base_MspInit)
    HAL_TIM_ConfigClockSource                0x08001455   Thumb Code   220  stm32f1xx_hal_tim.o(i.HAL_TIM_ConfigClockSource)
    HAL_TIM_MspPostInit                      0x08001531   Thumb Code    62  stm32f1xx_hal_msp.o(i.HAL_TIM_MspPostInit)
    HAL_TIM_PWM_ConfigChannel                0x0800157d   Thumb Code   204  stm32f1xx_hal_tim.o(i.HAL_TIM_PWM_ConfigChannel)
    HAL_TIM_PWM_Init                         0x08001649   Thumb Code    90  stm32f1xx_hal_tim.o(i.HAL_TIM_PWM_Init)
    HAL_TIM_PWM_MspInit                      0x080016a3   Thumb Code     2  stm32f1xx_hal_tim.o(i.HAL_TIM_PWM_MspInit)
    HAL_TIM_PWM_Start                        0x080016a5   Thumb Code   144  stm32f1xx_hal_tim.o(i.HAL_TIM_PWM_Start)
    HAL_UART_Init                            0x08001741   Thumb Code   100  stm32f1xx_hal_uart.o(i.HAL_UART_Init)
    HAL_UART_MspInit                         0x080017a5   Thumb Code   100  stm32f1xx_hal_msp.o(i.HAL_UART_MspInit)
    HAL_UART_Receive                         0x08001815   Thumb Code   176  stm32f1xx_hal_uart.o(i.HAL_UART_Receive)
    HAL_UART_Transmit                        0x080018c5   Thumb Code   160  stm32f1xx_hal_uart.o(i.HAL_UART_Transmit)
    HardFault_Handler                        0x08001965   Thumb Code     2  stm32f1xx_it.o(i.HardFault_Handler)
    MemManage_Handler                        0x08001a15   Thumb Code     2  stm32f1xx_it.o(i.MemManage_Handler)
    NMI_Handler                              0x08001a17   Thumb Code     2  stm32f1xx_it.o(i.NMI_Handler)
    PendSV_Handler                           0x08001a19   Thumb Code     2  stm32f1xx_it.o(i.PendSV_Handler)
    SVC_Handler                              0x08001b79   Thumb Code     2  stm32f1xx_it.o(i.SVC_Handler)
    Servo_Set_LeftRight                      0x08001ba9   Thumb Code    14  main.o(i.Servo_Set_LeftRight)
    Servo_Set_UpDown                         0x08001bbd   Thumb Code    14  main.o(i.Servo_Set_UpDown)
    SysTick_Handler                          0x08001bd1   Thumb Code     4  stm32f1xx_it.o(i.SysTick_Handler)
    SystemClock_Config                       0x08001bd5   Thumb Code    80  main.o(i.SystemClock_Config)
    SystemInit                               0x08001c25   Thumb Code     2  system_stm32f1xx.o(i.SystemInit)
    TIM_Base_SetConfig                       0x08001c29   Thumb Code   108  stm32f1xx_hal_tim.o(i.TIM_Base_SetConfig)
    TIM_CCxChannelCmd                        0x08001ca1   Thumb Code    26  stm32f1xx_hal_tim.o(i.TIM_CCxChannelCmd)
    TIM_ETR_SetConfig                        0x08001cbb   Thumb Code    20  stm32f1xx_hal_tim.o(i.TIM_ETR_SetConfig)
    TIM_OC2_SetConfig                        0x08001d31   Thumb Code    84  stm32f1xx_hal_tim.o(i.TIM_OC2_SetConfig)
    UsageFault_Handler                       0x08001fff   Thumb Code     2  stm32f1xx_it.o(i.UsageFault_Handler)
    main                                     0x08002031   Thumb Code   134  main.o(i.main)
    _get_lc_ctype                            0x080020d5   Thumb Code    44  lc_ctype_c.o(locale$$code)
    AHBPrescTable                            0x08002112   Data          16  system_stm32f1xx.o(.constdata)
    APBPrescTable                            0x08002122   Data           8  system_stm32f1xx.o(.constdata)
    Region$$Table$$Base                      0x0800212c   Number         0  anon$$obj.o(Region$$Table)
    Region$$Table$$Limit                     0x0800214c   Number         0  anon$$obj.o(Region$$Table)
    __ctype                                  0x08002159   Data           0  lc_ctype_c.o(locale$$data)
    rx_index                                 0x20000000   Data           1  main.o(.data)
    rx_data                                  0x20000001   Data           1  main.o(.data)
    pitch_angle                              0x20000002   Data           2  main.o(.data)
    yaw_angle                                0x20000004   Data           2  main.o(.data)
    uwTickFreq                               0x20000008   Data           1  stm32f1xx_hal.o(.data)
    uwTickPrio                               0x2000000c   Data           4  stm32f1xx_hal.o(.data)
    uwTick                                   0x20000010   Data           4  stm32f1xx_hal.o(.data)
    SystemCoreClock                          0x20000014   Data           4  system_stm32f1xx.o(.data)
    htim3                                    0x20000018   Data          72  main.o(.bss)
    huart1                                   0x20000060   Data          72  main.o(.bss)
    rx_buf                                   0x200000a8   Data          64  main.o(.bss)
    __libspace_start                         0x200000e8   Data          96  libspace.o(.bss)
    __temporary_stack_top$libspace           0x20000148   Data           0  libspace.o(.bss)



==============================================================================

Memory Map of the image

  Image Entry point : 0x080000ed

  Load Region LR_IROM1 (Base: 0x08000000, Size: 0x00002274, Max: 0x00010000, ABSOLUTE)

    Execution Region ER_IROM1 (Exec base: 0x08000000, Load base: 0x08000000, Size: 0x0000225c, Max: 0x00010000, ABSOLUTE)

    Exec Addr    Load Addr    Size         Type   Attr      Idx    E Section Name        Object

    0x08000000   0x08000000   0x000000ec   Data   RO            3    RESET               startup_stm32f103xb.o
    0x080000ec   0x080000ec   0x00000008   Code   RO         2760  * !!!main             c_w.l(__main.o)
    0x080000f4   0x080000f4   0x00000034   Code   RO         2948    !!!scatter          c_w.l(__scatter.o)
    0x08000128   0x08000128   0x0000001a   Code   RO         2950    !!handler_copy      c_w.l(__scatter_copy.o)
    0x08000142   0x08000142   0x00000002   PAD
    0x08000144   0x08000144   0x0000001c   Code   RO         2952    !!handler_zi        c_w.l(__scatter_zi.o)
    0x08000160   0x08000160   0x00000000   Code   RO         2747    .ARM.Collect$$_printf_percent$$00000000  c_w.l(_printf_percent.o)
    0x08000160   0x08000160   0x00000006   Code   RO         2746    .ARM.Collect$$_printf_percent$$00000009  c_w.l(_printf_d.o)
    0x08000166   0x08000166   0x00000004   Code   RO         2771    .ARM.Collect$$_printf_percent$$00000017  c_w.l(_printf_percent_end.o)
    0x0800016a   0x0800016a   0x00000002   Code   RO         2810    .ARM.Collect$$libinit$$00000000  c_w.l(libinit.o)
    0x0800016c   0x0800016c   0x00000000   Code   RO         2825    .ARM.Collect$$libinit$$00000002  c_w.l(libinit2.o)
    0x0800016c   0x0800016c   0x00000000   Code   RO         2827    .ARM.Collect$$libinit$$00000004  c_w.l(libinit2.o)
    0x0800016c   0x0800016c   0x00000000   Code   RO         2830    .ARM.Collect$$libinit$$0000000A  c_w.l(libinit2.o)
    0x0800016c   0x0800016c   0x00000000   Code   RO         2832    .ARM.Collect$$libinit$$0000000C  c_w.l(libinit2.o)
    0x0800016c   0x0800016c   0x00000000   Code   RO         2834    .ARM.Collect$$libinit$$0000000E  c_w.l(libinit2.o)
    0x0800016c   0x0800016c   0x00000006   Code   RO         2835    .ARM.Collect$$libinit$$0000000F  c_w.l(libinit2.o)
    0x08000172   0x08000172   0x00000000   Code   RO         2837    .ARM.Collect$$libinit$$00000011  c_w.l(libinit2.o)
    0x08000172   0x08000172   0x0000000c   Code   RO         2838    .ARM.Collect$$libinit$$00000012  c_w.l(libinit2.o)
    0x0800017e   0x0800017e   0x00000000   Code   RO         2839    .ARM.Collect$$libinit$$00000013  c_w.l(libinit2.o)
    0x0800017e   0x0800017e   0x00000000   Code   RO         2841    .ARM.Collect$$libinit$$00000015  c_w.l(libinit2.o)
    0x0800017e   0x0800017e   0x00000000   Code   RO         2843    .ARM.Collect$$libinit$$00000017  c_w.l(libinit2.o)
    0x0800017e   0x0800017e   0x00000000   Code   RO         2845    .ARM.Collect$$libinit$$00000019  c_w.l(libinit2.o)
    0x0800017e   0x0800017e   0x00000000   Code   RO         2847    .ARM.Collect$$libinit$$0000001B  c_w.l(libinit2.o)
    0x0800017e   0x0800017e   0x00000000   Code   RO         2849    .ARM.Collect$$libinit$$0000001D  c_w.l(libinit2.o)
    0x0800017e   0x0800017e   0x00000000   Code   RO         2851    .ARM.Collect$$libinit$$0000001F  c_w.l(libinit2.o)
    0x0800017e   0x0800017e   0x00000000   Code   RO         2853    .ARM.Collect$$libinit$$00000021  c_w.l(libinit2.o)
    0x0800017e   0x0800017e   0x00000000   Code   RO         2855    .ARM.Collect$$libinit$$00000023  c_w.l(libinit2.o)
    0x0800017e   0x0800017e   0x00000000   Code   RO         2857    .ARM.Collect$$libinit$$00000025  c_w.l(libinit2.o)
    0x0800017e   0x0800017e   0x00000000   Code   RO         2861    .ARM.Collect$$libinit$$0000002C  c_w.l(libinit2.o)
    0x0800017e   0x0800017e   0x00000000   Code   RO         2863    .ARM.Collect$$libinit$$0000002E  c_w.l(libinit2.o)
    0x0800017e   0x0800017e   0x00000000   Code   RO         2865    .ARM.Collect$$libinit$$00000030  c_w.l(libinit2.o)
    0x0800017e   0x0800017e   0x00000000   Code   RO         2867    .ARM.Collect$$libinit$$00000032  c_w.l(libinit2.o)
    0x0800017e   0x0800017e   0x00000002   Code   RO         2868    .ARM.Collect$$libinit$$00000033  c_w.l(libinit2.o)
    0x08000180   0x08000180   0x00000002   Code   RO         2888    .ARM.Collect$$libshutdown$$00000000  c_w.l(libshutdown.o)
    0x08000182   0x08000182   0x00000000   Code   RO         2901    .ARM.Collect$$libshutdown$$00000002  c_w.l(libshutdown2.o)
    0x08000182   0x08000182   0x00000000   Code   RO         2903    .ARM.Collect$$libshutdown$$00000004  c_w.l(libshutdown2.o)
    0x08000182   0x08000182   0x00000000   Code   RO         2906    .ARM.Collect$$libshutdown$$00000007  c_w.l(libshutdown2.o)
    0x08000182   0x08000182   0x00000000   Code   RO         2909    .ARM.Collect$$libshutdown$$0000000A  c_w.l(libshutdown2.o)
    0x08000182   0x08000182   0x00000000   Code   RO         2911    .ARM.Collect$$libshutdown$$0000000C  c_w.l(libshutdown2.o)
    0x08000182   0x08000182   0x00000000   Code   RO         2914    .ARM.Collect$$libshutdown$$0000000F  c_w.l(libshutdown2.o)
    0x08000182   0x08000182   0x00000002   Code   RO         2915    .ARM.Collect$$libshutdown$$00000010  c_w.l(libshutdown2.o)
    0x08000184   0x08000184   0x00000000   Code   RO         2762    .ARM.Collect$$rtentry$$00000000  c_w.l(__rtentry.o)
    0x08000184   0x08000184   0x00000000   Code   RO         2779    .ARM.Collect$$rtentry$$00000002  c_w.l(__rtentry2.o)
    0x08000184   0x08000184   0x00000006   Code   RO         2791    .ARM.Collect$$rtentry$$00000004  c_w.l(__rtentry4.o)
    0x0800018a   0x0800018a   0x00000000   Code   RO         2781    .ARM.Collect$$rtentry$$00000009  c_w.l(__rtentry2.o)
    0x0800018a   0x0800018a   0x00000004   Code   RO         2782    .ARM.Collect$$rtentry$$0000000A  c_w.l(__rtentry2.o)
    0x0800018e   0x0800018e   0x00000000   Code   RO         2784    .ARM.Collect$$rtentry$$0000000C  c_w.l(__rtentry2.o)
    0x0800018e   0x0800018e   0x00000008   Code   RO         2785    .ARM.Collect$$rtentry$$0000000D  c_w.l(__rtentry2.o)
    0x08000196   0x08000196   0x00000002   Code   RO         2814    .ARM.Collect$$rtexit$$00000000  c_w.l(rtexit.o)
    0x08000198   0x08000198   0x00000000   Code   RO         2870    .ARM.Collect$$rtexit$$00000002  c_w.l(rtexit2.o)
    0x08000198   0x08000198   0x00000004   Code   RO         2871    .ARM.Collect$$rtexit$$00000003  c_w.l(rtexit2.o)
    0x0800019c   0x0800019c   0x00000006   Code   RO         2872    .ARM.Collect$$rtexit$$00000004  c_w.l(rtexit2.o)
    0x080001a2   0x080001a2   0x00000002   PAD
    0x080001a4   0x080001a4   0x00000040   Code   RO            4    .text               startup_stm32f103xb.o
    0x080001e4   0x080001e4   0x00000034   Code   RO         2720    .text               c_w.l(noretval__2snprintf.o)
    0x08000218   0x08000218   0x00000068   Code   RO         2722    .text               c_w.l(__printf.o)
    0x08000280   0x08000280   0x00000078   Code   RO         2724    .text               c_w.l(_printf_dec.o)
    0x080002f8   0x080002f8   0x0000003c   Code   RO         2748    .text               c_w.l(__0sscanf.o)
    0x08000334   0x08000334   0x0000014c   Code   RO         2750    .text               c_w.l(_scanf_int.o)
    0x08000480   0x08000480   0x0000003e   Code   RO         2752    .text               c_w.l(strlen.o)
    0x080004be   0x080004be   0x0000004e   Code   RO         2754    .text               c_w.l(rt_memclr_w.o)
    0x0800050c   0x0800050c   0x00000080   Code   RO         2756    .text               c_w.l(strcmpv7m.o)
    0x0800058c   0x0800058c   0x00000006   Code   RO         2758    .text               c_w.l(heapauxi.o)
    0x08000592   0x08000592   0x000000b2   Code   RO         2763    .text               c_w.l(_printf_intcommon.o)
    0x08000644   0x08000644   0x00000030   Code   RO         2765    .text               c_w.l(_printf_char_common.o)
    0x08000674   0x08000674   0x0000000a   Code   RO         2767    .text               c_w.l(_sputc.o)
    0x0800067e   0x0800067e   0x00000010   Code   RO         2769    .text               c_w.l(_snputc.o)
    0x0800068e   0x0800068e   0x0000001c   Code   RO         2772    .text               c_w.l(_chval.o)
    0x080006aa   0x080006aa   0x00000002   PAD
    0x080006ac   0x080006ac   0x0000002c   Code   RO         2774    .text               c_w.l(scanf_char.o)
    0x080006d8   0x080006d8   0x00000040   Code   RO         2776    .text               c_w.l(_sgetc.o)
    0x08000718   0x08000718   0x00000012   Code   RO         2793    .text               c_w.l(isspace.o)
    0x0800072a   0x0800072a   0x00000002   PAD
    0x0800072c   0x0800072c   0x00000374   Code   RO         2797    .text               c_w.l(_scanf.o)
    0x08000aa0   0x08000aa0   0x0000004a   Code   RO         2799    .text               c_w.l(sys_stackheap_outer.o)
    0x08000aea   0x08000aea   0x00000002   PAD
    0x08000aec   0x08000aec   0x00000010   Code   RO         2801    .text               c_w.l(rt_ctype_table.o)
    0x08000afc   0x08000afc   0x00000012   Code   RO         2803    .text               c_w.l(exit.o)
    0x08000b0e   0x08000b0e   0x00000002   PAD
    0x08000b10   0x08000b10   0x00000008   Code   RO         2811    .text               c_w.l(libspace.o)
    0x08000b18   0x08000b18   0x00000008   Code   RO         2819    .text               c_w.l(rt_locale_intlibspace.o)
    0x08000b20   0x08000b20   0x0000000c   Code   RO         2880    .text               c_w.l(sys_exit.o)
    0x08000b2c   0x08000b2c   0x00000002   Code   RO         2891    .text               c_w.l(use_no_semi.o)
    0x08000b2e   0x08000b2e   0x00000000   Code   RO         2893    .text               c_w.l(indicate_semi.o)
    0x08000b2e   0x08000b2e   0x00000002   Code   RO          201    i.BusFault_Handler  stm32f1xx_it.o
    0x08000b30   0x08000b30   0x00000002   Code   RO          202    i.DebugMon_Handler  stm32f1xx_it.o
    0x08000b32   0x08000b32   0x00000002   PAD
    0x08000b34   0x08000b34   0x00000034   Code   RO           14    i.Gimbal_Apply_Angle  main.o
    0x08000b68   0x08000b68   0x000001e0   Code   RO         1656    i.HAL_GPIO_Init     stm32f1xx_hal_gpio.o
    0x08000d48   0x08000d48   0x0000000c   Code   RO         1350    i.HAL_GetTick       stm32f1xx_hal.o
    0x08000d54   0x08000d54   0x00000010   Code   RO         1356    i.HAL_IncTick       stm32f1xx_hal.o
    0x08000d64   0x08000d64   0x00000024   Code   RO         1357    i.HAL_Init          stm32f1xx_hal.o
    0x08000d88   0x08000d88   0x00000040   Code   RO         1358    i.HAL_InitTick      stm32f1xx_hal.o
    0x08000dc8   0x08000dc8   0x0000003c   Code   RO          276    i.HAL_MspInit       stm32f1xx_hal_msp.o
    0x08000e04   0x08000e04   0x00000040   Code   RO         1822    i.HAL_NVIC_SetPriority  stm32f1xx_hal_cortex.o
    0x08000e44   0x08000e44   0x00000024   Code   RO         1823    i.HAL_NVIC_SetPriorityGrouping  stm32f1xx_hal_cortex.o
    0x08000e68   0x08000e68   0x0000012c   Code   RO         1514    i.HAL_RCC_ClockConfig  stm32f1xx_hal_rcc.o
    0x08000f94   0x08000f94   0x00000020   Code   RO         1521    i.HAL_RCC_GetPCLK1Freq  stm32f1xx_hal_rcc.o
    0x08000fb4   0x08000fb4   0x00000020   Code   RO         1522    i.HAL_RCC_GetPCLK2Freq  stm32f1xx_hal_rcc.o
    0x08000fd4   0x08000fd4   0x0000004c   Code   RO         1523    i.HAL_RCC_GetSysClockFreq  stm32f1xx_hal_rcc.o
    0x08001020   0x08001020   0x00000320   Code   RO         1526    i.HAL_RCC_OscConfig  stm32f1xx_hal_rcc.o
    0x08001340   0x08001340   0x00000028   Code   RO         1827    i.HAL_SYSTICK_Config  stm32f1xx_hal_cortex.o
    0x08001368   0x08001368   0x00000068   Code   RO         1091    i.HAL_TIMEx_MasterConfigSynchronization  stm32f1xx_hal_tim_ex.o
    0x080013d0   0x080013d0   0x0000005a   Code   RO          368    i.HAL_TIM_Base_Init  stm32f1xx_hal_tim.o
    0x0800142a   0x0800142a   0x00000002   PAD
    0x0800142c   0x0800142c   0x00000028   Code   RO          278    i.HAL_TIM_Base_MspInit  stm32f1xx_hal_msp.o
    0x08001454   0x08001454   0x000000dc   Code   RO          377    i.HAL_TIM_ConfigClockSource  stm32f1xx_hal_tim.o
    0x08001530   0x08001530   0x0000004c   Code   RO          279    i.HAL_TIM_MspPostInit  stm32f1xx_hal_msp.o
    0x0800157c   0x0800157c   0x000000cc   Code   RO          440    i.HAL_TIM_PWM_ConfigChannel  stm32f1xx_hal_tim.o
    0x08001648   0x08001648   0x0000005a   Code   RO          443    i.HAL_TIM_PWM_Init  stm32f1xx_hal_tim.o
    0x080016a2   0x080016a2   0x00000002   Code   RO          445    i.HAL_TIM_PWM_MspInit  stm32f1xx_hal_tim.o
    0x080016a4   0x080016a4   0x0000009c   Code   RO          448    i.HAL_TIM_PWM_Start  stm32f1xx_hal_tim.o
    0x08001740   0x08001740   0x00000064   Code   RO         2346    i.HAL_UART_Init     stm32f1xx_hal_uart.o
    0x080017a4   0x080017a4   0x00000070   Code   RO          281    i.HAL_UART_MspInit  stm32f1xx_hal_msp.o
    0x08001814   0x08001814   0x000000b0   Code   RO         2349    i.HAL_UART_Receive  stm32f1xx_hal_uart.o
    0x080018c4   0x080018c4   0x000000a0   Code   RO         2354    i.HAL_UART_Transmit  stm32f1xx_hal_uart.o
    0x08001964   0x08001964   0x00000002   Code   RO          203    i.HardFault_Handler  stm32f1xx_it.o
    0x08001966   0x08001966   0x00000002   PAD
    0x08001968   0x08001968   0x000000ac   Code   RO           15    i.MX_TIM3_Init      main.o
    0x08001a14   0x08001a14   0x00000002   Code   RO          204    i.MemManage_Handler  stm32f1xx_it.o
    0x08001a16   0x08001a16   0x00000002   Code   RO          205    i.NMI_Handler       stm32f1xx_it.o
    0x08001a18   0x08001a18   0x00000002   Code   RO          206    i.PendSV_Handler    stm32f1xx_it.o
    0x08001a1a   0x08001a1a   0x00000002   PAD
    0x08001a1c   0x08001a1c   0x00000108   Code   RO           16    i.Protocol_Process_Line  main.o
    0x08001b24   0x08001b24   0x00000054   Code   RO           17    i.Protocol_Receive_Byte  main.o
    0x08001b78   0x08001b78   0x00000002   Code   RO          207    i.SVC_Handler       stm32f1xx_it.o
    0x08001b7a   0x08001b7a   0x00000002   PAD
    0x08001b7c   0x08001b7c   0x00000010   Code   RO           18    i.Send_ERR          main.o
    0x08001b8c   0x08001b8c   0x0000001a   Code   RO           19    i.Servo_Angle_To_Pulse  main.o
    0x08001ba6   0x08001ba6   0x00000002   PAD
    0x08001ba8   0x08001ba8   0x00000014   Code   RO           20    i.Servo_Set_LeftRight  main.o
    0x08001bbc   0x08001bbc   0x00000014   Code   RO           21    i.Servo_Set_UpDown  main.o
    0x08001bd0   0x08001bd0   0x00000004   Code   RO          208    i.SysTick_Handler   stm32f1xx_it.o
    0x08001bd4   0x08001bd4   0x00000050   Code   RO           22    i.SystemClock_Config  main.o
    0x08001c24   0x08001c24   0x00000002   Code   RO         2680    i.SystemInit        system_stm32f1xx.o
    0x08001c26   0x08001c26   0x00000002   PAD
    0x08001c28   0x08001c28   0x00000078   Code   RO          461    i.TIM_Base_SetConfig  stm32f1xx_hal_tim.o
    0x08001ca0   0x08001ca0   0x0000001a   Code   RO          462    i.TIM_CCxChannelCmd  stm32f1xx_hal_tim.o
    0x08001cba   0x08001cba   0x00000014   Code   RO          472    i.TIM_ETR_SetConfig  stm32f1xx_hal_tim.o
    0x08001cce   0x08001cce   0x00000010   Code   RO          473    i.TIM_ITRx_SetConfig  stm32f1xx_hal_tim.o
    0x08001cde   0x08001cde   0x00000002   PAD
    0x08001ce0   0x08001ce0   0x00000050   Code   RO          474    i.TIM_OC1_SetConfig  stm32f1xx_hal_tim.o
    0x08001d30   0x08001d30   0x00000058   Code   RO          475    i.TIM_OC2_SetConfig  stm32f1xx_hal_tim.o
    0x08001d88   0x08001d88   0x00000058   Code   RO          476    i.TIM_OC3_SetConfig  stm32f1xx_hal_tim.o
    0x08001de0   0x08001de0   0x00000044   Code   RO          477    i.TIM_OC4_SetConfig  stm32f1xx_hal_tim.o
    0x08001e24   0x08001e24   0x00000022   Code   RO          479    i.TIM_TI1_ConfigInputStage  stm32f1xx_hal_tim.o
    0x08001e46   0x08001e46   0x00000024   Code   RO          481    i.TIM_TI2_ConfigInputStage  stm32f1xx_hal_tim.o
    0x08001e6a   0x08001e6a   0x0000004e   Code   RO         2369    i.UART_EndRxTransfer  stm32f1xx_hal_uart.o
    0x08001eb8   0x08001eb8   0x0000001c   Code   RO           23    i.UART_Send_String  main.o
    0x08001ed4   0x08001ed4   0x000000b8   Code   RO         2372    i.UART_SetConfig    stm32f1xx_hal_uart.o
    0x08001f8c   0x08001f8c   0x00000072   Code   RO         2375    i.UART_WaitOnFlagUntilTimeout  stm32f1xx_hal_uart.o
    0x08001ffe   0x08001ffe   0x00000002   Code   RO          209    i.UsageFault_Handler  stm32f1xx_it.o
    0x08002000   0x08002000   0x00000020   Code   RO         1829    i.__NVIC_SetPriority  stm32f1xx_hal_cortex.o
    0x08002020   0x08002020   0x00000010   Code   RO           24    i.clamp_i16         main.o
    0x08002030   0x08002030   0x000000a4   Code   RO           25    i.main              main.o
    0x080020d4   0x080020d4   0x0000002c   Code   RO         2822    locale$$code        c_w.l(lc_ctype_c.o)
    0x08002100   0x08002100   0x00000012   Data   RO         1527    .constdata          stm32f1xx_hal_rcc.o
    0x08002112   0x08002112   0x00000010   Data   RO         2681    .constdata          system_stm32f1xx.o
    0x08002122   0x08002122   0x00000008   Data   RO         2682    .constdata          system_stm32f1xx.o
    0x0800212a   0x0800212a   0x00000002   PAD
    0x0800212c   0x0800212c   0x00000020   Data   RO         2946    Region$$Table       anon$$obj.o
    0x0800214c   0x0800214c   0x00000110   Data   RO         2821    locale$$data        c_w.l(lc_ctype_c.o)


    Execution Region RW_IRAM1 (Exec base: 0x20000000, Load base: 0x0800225c, Size: 0x00000748, Max: 0x00005000, ABSOLUTE)

    Exec Addr    Load Addr    Size         Type   Attr      Idx    E Section Name        Object

    0x20000000   0x0800225c   0x00000006   Data   RW           27    .data               main.o
    0x20000006   0x08002262   0x00000002   PAD
    0x20000008   0x08002264   0x0000000c   Data   RW         1364    .data               stm32f1xx_hal.o
    0x20000014   0x08002270   0x00000004   Data   RW         2683    .data               system_stm32f1xx.o
    0x20000018        -       0x000000d0   Zero   RW           26    .bss                main.o
    0x200000e8        -       0x00000060   Zero   RW         2812    .bss                c_w.l(libspace.o)
    0x20000148        -       0x00000200   Zero   RW            2    HEAP                startup_stm32f103xb.o
    0x20000348        -       0x00000400   Zero   RW            1    STACK               startup_stm32f103xb.o


==============================================================================

Image component sizes


      Code (inc. data)   RO Data    RW Data    ZI Data      Debug   Object Name

       942        156          0          6        208     432782   main.o
        64         26        236          0       1536        780   startup_stm32f103xb.o
       128         24          0         12          0       5073   stm32f1xx_hal.o
       172         14          0          0          0      28130   stm32f1xx_hal_cortex.o
       480         34          0          0          0       2200   stm32f1xx_hal_gpio.o
       288         44          0          0          0       2614   stm32f1xx_hal_msp.o
      1240         84         18          0          0       4920   stm32f1xx_hal_rcc.o
      1338         44          0          0          0      11796   stm32f1xx_hal_tim.o
       104         12          0          0          0       1292   stm32f1xx_hal_tim_ex.o
       812          6          0          0          0       5519   stm32f1xx_hal_uart.o
        20          0          0          0          0       3578   stm32f1xx_it.o
         2          0         24          4          0       1023   system_stm32f1xx.o

    ----------------------------------------------------------------------
      5606        444        312         24       1744     499707   Object Totals
         0          0         32          0          0          0   (incl. Generated)
        16          0          2          2          0          0   (incl. Padding)

    ----------------------------------------------------------------------

      Code (inc. data)   RO Data    RW Data    ZI Data      Debug   Library Member Name

        60          8          0          0          0         84   __0sscanf.o
         8          0          0          0          0         68   __main.o
       104          0          0          0          0         84   __printf.o
         0          0          0          0          0          0   __rtentry.o
        12          0          0          0          0          0   __rtentry2.o
         6          0          0          0          0          0   __rtentry4.o
        52          8          0          0          0          0   __scatter.o
        26          0          0          0          0          0   __scatter_copy.o
        28          0          0          0          0          0   __scatter_zi.o
        28          0          0          0          0         68   _chval.o
        48          6          0          0          0         96   _printf_char_common.o
         6          0          0          0          0          0   _printf_d.o
       120         16          0          0          0         92   _printf_dec.o
       178          0          0          0          0         88   _printf_intcommon.o
         0          0          0          0          0          0   _printf_percent.o
         4          0          0          0          0          0   _printf_percent_end.o
       884          6          0          0          0        100   _scanf.o
       332          0          0          0          0         96   _scanf_int.o
        64          0          0          0          0         84   _sgetc.o
        16          0          0          0          0         68   _snputc.o
        10          0          0          0          0         68   _sputc.o
        18          0          0          0          0         80   exit.o
         6          0          0          0          0        152   heapauxi.o
         0          0          0          0          0          0   indicate_semi.o
        18          0          0          0          0         76   isspace.o
        44         10        272          0          0         76   lc_ctype_c.o
         2          0          0          0          0          0   libinit.o
        20          0          0          0          0          0   libinit2.o
         2          0          0          0          0          0   libshutdown.o
         2          0          0          0          0          0   libshutdown2.o
         8          4          0          0         96         68   libspace.o
        52          4          0          0          0         84   noretval__2snprintf.o
        16          4          0          0          0         76   rt_ctype_table.o
         8          4          0          0          0         68   rt_locale_intlibspace.o
        78          0          0          0          0         80   rt_memclr_w.o
         2          0          0          0          0          0   rtexit.o
        10          0          0          0          0          0   rtexit2.o
        44          8          0          0          0         84   scanf_char.o
       128          0          0          0          0         68   strcmpv7m.o
        62          0          0          0          0         76   strlen.o
        12          4          0          0          0         68   sys_exit.o
        74          0          0          0          0         80   sys_stackheap_outer.o
         2          0          0          0          0         68   use_no_semi.o

    ----------------------------------------------------------------------
      2606         82        272          0         96       2200   Library Totals
        12          0          0          0          0          0   (incl. Padding)

    ----------------------------------------------------------------------

      Code (inc. data)   RO Data    RW Data    ZI Data      Debug   Library Name

      2594         82        272          0         96       2200   c_w.l

    ----------------------------------------------------------------------
      2606         82        272          0         96       2200   Library Totals

    ----------------------------------------------------------------------

==============================================================================


      Code (inc. data)   RO Data    RW Data    ZI Data      Debug   

      8212        526        584         24       1840     497639   Grand Totals
      8212        526        584         24       1840     497639   ELF Image Totals
      8212        526        584         24          0          0   ROM Totals

==============================================================================

    Total RO  Size (Code + RO Data)                 8796 (   8.59kB)
    Total RW  Size (RW Data + ZI Data)              1864 (   1.82kB)
    Total ROM Size (Code + RO Data + RW Data)       8820 (   8.61kB)

==============================================================================

